Archive member included to satisfy reference by file (symbol)

/Users/alex/.pico-sdk/toolchain/14_2_Rel1/bin/../lib/gcc/arm-none-eabi/14.2.1/../../../../arm-none-eabi/lib/thumb/v8-m.main+fp/softfp/libm.a(libm_a-wf_sqrt.o)
                              CMakeFiles/UART.dir/Users/alex/.pico-sdk/sdk/2.2.0/src/rp2_common/pico_float/float_math.c.o (sqrtf)
/Users/alex/.pico-sdk/toolchain/14_2_Rel1/bin/../lib/gcc/arm-none-eabi/14.2.1/../../../../arm-none-eabi/lib/thumb/v8-m.main+fp/softfp/libm.a(libm_a-ef_sqrt.o)
                              /Users/alex/.pico-sdk/toolchain/14_2_Rel1/bin/../lib/gcc/arm-none-eabi/14.2.1/../../../../arm-none-eabi/lib/thumb/v8-m.main+fp/softfp/libm.a(libm_a-wf_sqrt.o) (__ieee754_sqrtf)
/Users/alex/.pico-sdk/toolchain/14_2_Rel1/bin/../lib/gcc/arm-none-eabi/14.2.1/thumb/v8-m.main+fp/softfp/libgcc.a(_arm_addsubdf3.o)
                              CMakeFiles/UART.dir/Users/alex/.pico-sdk/sdk/2.2.0/src/rp2_common/pico_float/float_math.c.o (__aeabi_f2d)
/Users/alex/.pico-sdk/toolchain/14_2_Rel1/bin/../lib/gcc/arm-none-eabi/14.2.1/thumb/v8-m.main+fp/softfp/libgcc.a(_aeabi_ldivmod.o)
                              CMakeFiles/UART.dir/Users/alex/.pico-sdk/sdk/2.2.0/src/common/pico_time/time.c.o (__aeabi_ldivmod)
/Users/alex/.pico-sdk/toolchain/14_2_Rel1/bin/../lib/gcc/arm-none-eabi/14.2.1/thumb/v8-m.main+fp/softfp/libgcc.a(_aeabi_uldivmod.o)
                              CMakeFiles/UART.dir/Users/alex/.pico-sdk/sdk/2.2.0/src/rp2_common/hardware_clocks/clocks.c.o (__aeabi_uldivmod)
/Users/alex/.pico-sdk/toolchain/14_2_Rel1/bin/../lib/gcc/arm-none-eabi/14.2.1/thumb/v8-m.main+fp/softfp/libgcc.a(_udivmoddi4.o)
                              /Users/alex/.pico-sdk/toolchain/14_2_Rel1/bin/../lib/gcc/arm-none-eabi/14.2.1/thumb/v8-m.main+fp/softfp/libgcc.a(_aeabi_ldivmod.o) (__udivmoddi4)
/Users/alex/.pico-sdk/toolchain/14_2_Rel1/bin/../lib/gcc/arm-none-eabi/14.2.1/thumb/v8-m.main+fp/softfp/libgcc.a(_dvmd_tls.o)
                              /Users/alex/.pico-sdk/toolchain/14_2_Rel1/bin/../lib/gcc/arm-none-eabi/14.2.1/thumb/v8-m.main+fp/softfp/libgcc.a(_aeabi_ldivmod.o) (__aeabi_ldiv0)
/Users/alex/.pico-sdk/toolchain/14_2_Rel1/bin/../lib/gcc/arm-none-eabi/14.2.1/../../../../arm-none-eabi/lib/thumb/v8-m.main+fp/softfp/libg.a(libc_a-calloc.o)
                              CMakeFiles/UART.dir/Users/alex/.pico-sdk/sdk/2.2.0/src/rp2_common/pico_malloc/malloc.c.o (calloc)
/Users/alex/.pico-sdk/toolchain/14_2_Rel1/bin/../lib/gcc/arm-none-eabi/14.2.1/../../../../arm-none-eabi/lib/thumb/v8-m.main+fp/softfp/libg.a(libc_a-callocr.o)
                              /Users/alex/.pico-sdk/toolchain/14_2_Rel1/bin/../lib/gcc/arm-none-eabi/14.2.1/../../../../arm-none-eabi/lib/thumb/v8-m.main+fp/softfp/libg.a(libc_a-calloc.o) (_calloc_r)
/Users/alex/.pico-sdk/toolchain/14_2_Rel1/bin/../lib/gcc/arm-none-eabi/14.2.1/../../../../arm-none-eabi/lib/thumb/v8-m.main+fp/softfp/libg.a(libc_a-malloc.o)
                              CMakeFiles/UART.dir/Users/alex/.pico-sdk/sdk/2.2.0/src/rp2_common/pico_malloc/malloc.c.o (malloc)
/Users/alex/.pico-sdk/toolchain/14_2_Rel1/bin/../lib/gcc/arm-none-eabi/14.2.1/../../../../arm-none-eabi/lib/thumb/v8-m.main+fp/softfp/libg.a(libc_a-mallocr.o)
                              /Users/alex/.pico-sdk/toolchain/14_2_Rel1/bin/../lib/gcc/arm-none-eabi/14.2.1/../../../../arm-none-eabi/lib/thumb/v8-m.main+fp/softfp/libg.a(libc_a-callocr.o) (_malloc_r)
/Users/alex/.pico-sdk/toolchain/14_2_Rel1/bin/../lib/gcc/arm-none-eabi/14.2.1/../../../../arm-none-eabi/lib/thumb/v8-m.main+fp/softfp/libg.a(libc_a-mlock.o)
                              /Users/alex/.pico-sdk/toolchain/14_2_Rel1/bin/../lib/gcc/arm-none-eabi/14.2.1/../../../../arm-none-eabi/lib/thumb/v8-m.main+fp/softfp/libg.a(libc_a-mallocr.o) (__malloc_lock)
/Users/alex/.pico-sdk/toolchain/14_2_Rel1/bin/../lib/gcc/arm-none-eabi/14.2.1/../../../../arm-none-eabi/lib/thumb/v8-m.main+fp/softfp/libg.a(libc_a-realloc.o)
                              CMakeFiles/UART.dir/Users/alex/.pico-sdk/sdk/2.2.0/src/rp2_common/pico_malloc/malloc.c.o (realloc)
/Users/alex/.pico-sdk/toolchain/14_2_Rel1/bin/../lib/gcc/arm-none-eabi/14.2.1/../../../../arm-none-eabi/lib/thumb/v8-m.main+fp/softfp/libg.a(libc_a-reallocr.o)
                              /Users/alex/.pico-sdk/toolchain/14_2_Rel1/bin/../lib/gcc/arm-none-eabi/14.2.1/../../../../arm-none-eabi/lib/thumb/v8-m.main+fp/softfp/libg.a(libc_a-realloc.o) (_realloc_r)
/Users/alex/.pico-sdk/toolchain/14_2_Rel1/bin/../lib/gcc/arm-none-eabi/14.2.1/../../../../arm-none-eabi/lib/thumb/v8-m.main+fp/softfp/libg.a(libc_a-memcmp.o)
                              CMakeFiles/UART.dir/Users/alex/.pico-sdk/sdk/2.2.0/src/rp2_common/pico_atomic/atomic.c.o (memcmp)
/Users/alex/.pico-sdk/toolchain/14_2_Rel1/bin/../lib/gcc/arm-none-eabi/14.2.1/../../../../arm-none-eabi/lib/thumb/v8-m.main+fp/softfp/libg.a(libc_a-memmove.o)
                              CMakeFiles/UART.dir/Users/alex/.pico-sdk/sdk/2.2.0/lib/cyw43-driver/src/cyw43_ll.c.o (memmove)
[...]
Memory Configuration

Name             Origin             Length             Attributes
FLASH            0x10000000         0x00400000         xr
RAM              0x20000000         0x00080000         xrw
SCRATCH_X        0x20080000         0x00001000         xrw
SCRATCH_Y        0x20081000         0x00001000         xrw
*default*        0x00000000         0xffffffff

Linker script and memory map

LOAD /Users/alex/.pico-sdk/toolchain/14_2_Rel1/bin/../lib/gcc/arm-none-eabi/14.2.1/thumb/v8-m.main+fp/softfp/crti.o
LOAD /Users/alex/.pico-sdk/toolchain/14_2_Rel1/bin/../lib/gcc/arm-none-eabi/14.2.1/thumb/v8-m.main+fp/softfp/crtbegin.o
LOAD /Users/alex/.pico-sdk/toolchain/14_2_Rel1/bin/../lib/gcc/arm-none-eabi/14.2.1/../../../../arm-none-eabi/lib/thumb/v8-m.main+fp/softfp/crt0.o

.flash_begin    0x10000000        0x0
                0x10000000                        __flash_binary_start = .

.text           0x10000000     0x9b48
                0x10000000                        __logical_binary_start = .
 *(.vectors)
 .vectors       0x10000000      0x124 CMakeFiles/UART.dir/Users/alex/.pico-sdk/sdk/2.2.0/src/rp2_common/pico_crt0/crt0.S.o
                0x10000000                __VECTOR_TABLE
                0x10000000                __vectors
                0x10000110                __unhandled_user_irq
                0x10000110                isr_irq49
                0x10000110                isr_irq13
                0x10000110                isr_irq43
                0x10000110                isr_irq45
                0x10000110                isr_irq27
                0x10000110                isr_irq32
                0x10000110                isr_irq31
                0x10000110                isr_irq5
                0x10000110                isr_irq11
                0x10000110                isr_irq23
                0x10000110                isr_usagefault
                0x10000110                isr_irq48
                0x10000110                isr_irq35
                0x10000110                isr_irq18
                0x10000110                isr_irq50
                0x10000110                isr_irq9
                0x10000110                isr_irq30
                0x10000110                isr_irq16
                0x10000110                isr_irq44
                0x10000110                isr_irq29
                0x10000110                isr_irq26
                0x10000110                isr_irq33
                0x10000110                isr_irq3
                0x10000110                isr_irq12
                0x10000110                isr_securefault
                0x10000110                isr_irq40
                0x10000110                isr_irq28
                0x10000110                isr_irq19
                0x10000110                isr_irq36
                0x10000110                isr_irq41
                0x10000110                isr_irq0
                0x10000110                isr_irq6
                0x10000110                isr_memmanage
                0x10000110                isr_irq37
                0x10000110                isr_irq42
                0x10000110                isr_irq22
                0x10000110                isr_irq17
                0x10000110                isr_irq38
                0x10000110                isr_irq14
                0x10000110                __vectors_end
                0x10000110                __default_isrs_start
                0x10000110                isr_irq2
                0x10000110                isr_irq10
                0x10000110                isr_irq8
                0x10000110                isr_debugmonitor
                0x10000110                isr_irq24
                0x10000110                isr_irq46
                0x10000110                isr_irq1
                0x10000110                isr_irq47
                0x10000110                isr_irq51
                0x10000110                isr_irq7
                0x10000110                isr_irq21
                0x10000110                isr_irq39
                0x10000110                isr_irq20
                0x10000110                isr_irq15
                0x10000110                isr_irq25
                0x10000110                isr_irq34
                0x10000110                isr_irq4
                0x10000110                isr_busfault
                0x10000116                unhandled_user_irq_num_in_r0
                0x10000118                isr_invalid
                0x1000011a                isr_nmi
                0x1000011c                isr_hardfault
                0x1000011e                isr_svcall
                0x10000120                isr_pendsv
                0x10000122                isr_systick
                0x10000124                __default_isrs_end
 *(.binary_info_header)
 .binary_info_header
                0x10000124       0x14 CMakeFiles/UART.dir/Users/alex/.pico-sdk/sdk/2.2.0/src/rp2_common/pico_crt0/crt0.S.o
                0x10000138                        __binary_info_header_end = .
 *(.embedded_block)
 .embedded_block
                0x10000138       0x14 CMakeFiles/UART.dir/Users/alex/.pico-sdk/sdk/2.2.0/src/rp2_common/pico_crt0/crt0.S.o
                0x1000014c                        __embedded_block_end = .
 *(.reset)
 .reset         0x1000014c       0x98 CMakeFiles/UART.dir/Users/alex/.pico-sdk/sdk/2.2.0/src/rp2_common/pico_crt0/crt0.S.o
                0x1000014c                _entry_point
 *(.init)
 .init          0x100001e4        0x4 /Users/alex/.pico-sdk/toolchain/14_2_Rel1/bin/../lib/gcc/arm-none-eabi/14.2.1/thumb/v8-m.main+fp/softfp/crti.o
                0x100001e4                _init
 SORT_BY_NAME(REVERSE(*libgcc.a:cmse_nonsecure_call.o))()
 *(EXCLUDE_FILE(*libm.a: *libc.a:*lib_a-mem*.o *libgcc.a:) .text*)
 .text.register_tm_clones
                0x100001e8       0x28 /Users/alex/.pico-sdk/toolchain/14_2_Rel1/bin/../lib/gcc/arm-none-eabi/14.2.1/thumb/v8-m.main+fp/softfp/crtbegin.o
 .text.frame_dummy
                0x10000210       0x24 /Users/alex/.pico-sdk/toolchain/14_2_Rel1/bin/../lib/gcc/arm-none-eabi/14.2.1/thumb/v8-m.main+fp/softfp/crtbegin.o
 .text.startup.main
                0x10000234       0x84 CMakeFiles/UART.dir/UART.cpp.o
                0x10000234                main
 .text.gpio_set_function
                0x100002b8       0x3c CMakeFiles/UART.dir/Users/alex/.pico-sdk/sdk/2.2.0/src/rp2_common/hardware_gpio/gpio.c.o
                0x100002b8                gpio_set_function
 .text.gpio_set_pulls
                0x100002f4       0x28 CMakeFiles/UART.dir/Users/alex/.pico-sdk/sdk/2.2.0/src/rp2_common/hardware_gpio/gpio.c.o
                0x100002f4                gpio_set_pulls
 .text.gpio_set_input_hysteresis_enabled
                0x1000031c       0x20 CMakeFiles/UART.dir/Users/alex/.pico-sdk/sdk/2.2.0/src/rp2_common/hardware_gpio/gpio.c.o
                0x1000031c                gpio_set_input_hysteresis_enabled
 .text.gpio_set_irq_enabled
                0x1000033c       0x48 CMakeFiles/UART.dir/Users/alex/.pico-sdk/sdk/2.2.0/src/rp2_common/hardware_gpio/gpio.c.o
                0x1000033c                gpio_set_irq_enabled
 .text.gpio_add_raw_irq_handler_with_order_priority_masked
                0x10000384       0x44 CMakeFiles/UART.dir/Users/alex/.pico-sdk/sdk/2.2.0/src/rp2_common/hardware_gpio/gpio.c.o
                0x10000384                gpio_add_raw_irq_handler_with_order_priority_masked
 .text.gpio_remove_raw_irq_handler_masked
                0x100003c8       0x24 CMakeFiles/UART.dir/Users/alex/.pico-sdk/sdk/2.2.0/src/rp2_common/hardware_gpio/gpio.c.o
                0x100003c8                gpio_remove_raw_irq_handler_masked
 .text.gpio_init
                0x100003ec       0x48 CMakeFiles/UART.dir/Users/alex/.pico-sdk/sdk/2.2.0/src/rp2_common/hardware_gpio/gpio.c.o
                0x100003ec                gpio_init
 .text.panic    0x10000434       0x30 CMakeFiles/UART.dir/Users/alex/.pico-sdk/sdk/2.2.0/src/rp2_common/pico_platform_panic/panic.c.o
                0x10000434                panic
 .text.hw_claim_lock
                0x10000464       0x24 CMakeFiles/UART.dir/Users/alex/.pico-sdk/sdk/2.2.0/src/common/hardware_claim/claim.c.o
                0x10000464                hw_claim_lock
 .text.hw_claim_unlock
                0x10000488       0x14 CMakeFiles/UART.dir/Users/alex/.pico-sdk/sdk/2.2.0/src/common/hardware_claim/claim.c.o
                0x10000488                hw_claim_unlock
 .text.hw_claim_or_assert
                0x1000049c       0x58 CMakeFiles/UART.dir/Users/alex/.pico-sdk/sdk/2.2.0/src/common/hardware_claim/claim.c.o
                0x1000049c                hw_claim_or_assert
 .text.hw_claim_unused_from_range
                0x100004f4       0x80 CMakeFiles/UART.dir/Users/alex/.pico-sdk/sdk/2.2.0/src/common/hardware_claim/claim.c.o
                0x100004f4                hw_claim_unused_from_range
 .text.hw_claim_clear
                0x10000574       0x50 CMakeFiles/UART.dir/Users/alex/.pico-sdk/sdk/2.2.0/src/common/hardware_claim/claim.c.o
                0x10000574                hw_claim_clear
 .text.next_striped_spin_lock_num
                0x100005c4       0x18 CMakeFiles/UART.dir/Users/alex/.pico-sdk/sdk/2.2.0/src/rp2_common/hardware_sync/sync.c.o
                0x100005c4                next_striped_spin_lock_num
 .text.spin_lock_claim_unused
                0x100005dc       0x20 CMakeFiles/UART.dir/Users/alex/.pico-sdk/sdk/2.2.0/src/rp2_common/hardware_sync/sync.c.o
                0x100005dc                spin_lock_claim_unused
 .text.spinlock_set_extexclall
                0x100005fc       0x10 CMakeFiles/UART.dir/Users/alex/.pico-sdk/sdk/2.2.0/src/rp2_common/hardware_sync_spin_lock/sync_spin_lock.c.o
 .text.spin_locks_reset
                0x1000060c       0x18 CMakeFiles/UART.dir/Users/alex/.pico-sdk/sdk/2.2.0/src/rp2_common/hardware_sync_spin_lock/sync_spin_lock.c.o
                0x1000060c                spin_locks_reset
 .text.runtime_init_per_core_irq_priorities
                0x10000624       0x40 CMakeFiles/UART.dir/Users/alex/.pico-sdk/sdk/2.2.0/src/rp2_common/hardware_irq/irq.c.o
                0x10000624                runtime_init_per_core_irq_priorities
 .text.irq_set_enabled
                0x10000664       0x2c CMakeFiles/UART.dir/Users/alex/.pico-sdk/sdk/2.2.0/src/rp2_common/hardware_irq/irq.c.o
                0x10000664                irq_set_enabled
 .text.irq_is_enabled
                0x10000690       0x20 CMakeFiles/UART.dir/Users/alex/.pico-sdk/sdk/2.2.0/src/rp2_common/hardware_irq/irq.c.o
                0x10000690                irq_is_enabled
 .text.irq_set_pending
                0x100006b0       0x18 CMakeFiles/UART.dir/Users/alex/.pico-sdk/sdk/2.2.0/src/rp2_common/hardware_irq/irq.c.o
                0x100006b0                irq_set_pending
 .text.irq_has_shared_handler
                0x100006c8       0x20 CMakeFiles/UART.dir/Users/alex/.pico-sdk/sdk/2.2.0/src/rp2_common/hardware_irq/irq.c.o
                0x100006c8                irq_has_shared_handler
 .text.irq_set_exclusive_handler
                0x100006e8       0x60 CMakeFiles/UART.dir/Users/alex/.pico-sdk/sdk/2.2.0/src/rp2_common/hardware_irq/irq.c.o
                0x100006e8                irq_set_exclusive_handler
 .text.irq_add_shared_handler
                0x10000748      0x1e8 CMakeFiles/UART.dir/Users/alex/.pico-sdk/sdk/2.2.0/src/rp2_common/hardware_irq/irq.c.o
                0x10000748                irq_add_shared_handler
 .text.irq_remove_handler
                0x10000930      0x1f4 CMakeFiles/UART.dir/Users/alex/.pico-sdk/sdk/2.2.0/src/rp2_common/hardware_irq/irq.c.o
                0x10000930                irq_remove_handler
 .text.irq_set_priority
                0x10000b24       0x28 CMakeFiles/UART.dir/Users/alex/.pico-sdk/sdk/2.2.0/src/rp2_common/hardware_irq/irq.c.o
                0x10000b24                irq_set_priority
 .text.irq_add_tail_to_free_list
                0x10000b4c       0xbc CMakeFiles/UART.dir/Users/alex/.pico-sdk/sdk/2.2.0/src/rp2_common/hardware_irq/irq.c.o
                0x10000b4c                irq_add_tail_to_free_list
 .text.user_irq_unclaim
                0x10000c08       0x10 CMakeFiles/UART.dir/Users/alex/.pico-sdk/sdk/2.2.0/src/rp2_common/hardware_irq/irq.c.o
                0x10000c08                user_irq_unclaim
 .text.user_irq_claim_unused
                0x10000c18       0x28 CMakeFiles/UART.dir/Users/alex/.pico-sdk/sdk/2.2.0/src/rp2_common/hardware_irq/irq.c.o
                0x10000c18                user_irq_claim_unused
 .text.sem_init
                0x10000c40       0x20 CMakeFiles/UART.dir/Users/alex/.pico-sdk/sdk/2.2.0/src/common/pico_sync/sem.c.o
                0x10000c40                sem_init
 .text.lock_init
                0x10000c60        0xc CMakeFiles/UART.dir/Users/alex/.pico-sdk/sdk/2.2.0/src/common/pico_sync/lock_core.c.o
                0x10000c60                lock_init
 .text.runtime_init_mutex
                0x10000c6c       0x4c CMakeFiles/UART.dir/Users/alex/.pico-sdk/sdk/2.2.0/src/common/pico_sync/mutex.c.o
                0x10000c6c                runtime_init_mutex
 .text.mutex_init
                0x10000cb8       0x1c CMakeFiles/UART.dir/Users/alex/.pico-sdk/sdk/2.2.0/src/common/pico_sync/mutex.c.o
                0x10000cb8                mutex_init
 .text.recursive_mutex_init
                0x10000cd4       0x1c CMakeFiles/UART.dir/Users/alex/.pico-sdk/sdk/2.2.0/src/common/pico_sync/mutex.c.o
                0x10000cd4                recursive_mutex_init
 .text.critical_section_init
                0x10000cf0       0x1c CMakeFiles/UART.dir/Users/alex/.pico-sdk/sdk/2.2.0/src/common/pico_sync/critical_section.c.o
                0x10000cf0                critical_section_init
 .text.critical_section_init_with_lock_num
                0x10000d0c       0x10 CMakeFiles/UART.dir/Users/alex/.pico-sdk/sdk/2.2.0/src/common/pico_sync/critical_section.c.o
                0x10000d0c                critical_section_init_with_lock_num
 .text.sleep_until_callback
                0x10000d1c       0x3c CMakeFiles/UART.dir/Users/alex/.pico-sdk/sdk/2.2.0/src/common/pico_time/time.c.o
 .text.alarm_pool_irq_handler
                0x10000d58      0x2f0 CMakeFiles/UART.dir/Users/alex/.pico-sdk/sdk/2.2.0/src/common/pico_time/time.c.o
 .text.runtime_init_default_alarm_pool
                0x10001048      0x100 CMakeFiles/UART.dir/Users/alex/.pico-sdk/sdk/2.2.0/src/common/pico_time/time.c.o
                0x10001048                runtime_init_default_alarm_pool
 .text.alarm_pool_get_default
                0x10001148        0x8 CMakeFiles/UART.dir/Users/alex/.pico-sdk/sdk/2.2.0/src/common/pico_time/time.c.o
                0x10001148                alarm_pool_get_default
 .text.alarm_pool_add_alarm_at
                0x10001150       0xdc CMakeFiles/UART.dir/Users/alex/.pico-sdk/sdk/2.2.0/src/common/pico_time/time.c.o
                0x10001150                alarm_pool_add_alarm_at
 .text.alarm_pool_add_alarm_at_force_in_context
                0x1000122c       0xc8 CMakeFiles/UART.dir/Users/alex/.pico-sdk/sdk/2.2.0/src/common/pico_time/time.c.o
                0x1000122c                alarm_pool_add_alarm_at_force_in_context
 .text.alarm_pool_cancel_alarm
                0x100012f4       0x80 CMakeFiles/UART.dir/Users/alex/.pico-sdk/sdk/2.2.0/src/common/pico_time/time.c.o
                0x100012f4                alarm_pool_cancel_alarm
 .text.alarm_pool_core_num
                0x10001374        0x4 CMakeFiles/UART.dir/Users/alex/.pico-sdk/sdk/2.2.0/src/common/pico_time/time.c.o
                0x10001374                alarm_pool_core_num
 .text.sleep_until
                0x10001378       0xbc CMakeFiles/UART.dir/Users/alex/.pico-sdk/sdk/2.2.0/src/common/pico_time/time.c.o
                0x10001378                sleep_until
 .text.sleep_ms
                0x10001434       0xdc CMakeFiles/UART.dir/Users/alex/.pico-sdk/sdk/2.2.0/src/common/pico_time/time.c.o
                0x10001434                sleep_ms
 .text.best_effort_wfe_or_timeout
                0x10001510       0xd4 CMakeFiles/UART.dir/Users/alex/.pico-sdk/sdk/2.2.0/src/common/pico_time/time.c.o
                0x10001510                best_effort_wfe_or_timeout
 .text.timer_hardware_alarm_claim
                0x100015e4       0x24 CMakeFiles/UART.dir/Users/alex/.pico-sdk/sdk/2.2.0/src/rp2_common/hardware_timer/timer.c.o
                0x100015e4                timer_hardware_alarm_claim
 .text.timer_time_us_64
                0x10001608       0x10 CMakeFiles/UART.dir/Users/alex/.pico-sdk/sdk/2.2.0/src/rp2_common/hardware_timer/timer.c.o
                0x10001608                timer_time_us_64
 .text.time_us_64
                0x10001618       0x14 CMakeFiles/UART.dir/Users/alex/.pico-sdk/sdk/2.2.0/src/rp2_common/hardware_timer/timer.c.o
                0x10001618                time_us_64
 .text.busy_wait_until
                0x1000162c       0x24 CMakeFiles/UART.dir/Users/alex/.pico-sdk/sdk/2.2.0/src/rp2_common/hardware_timer/timer.c.o
                0x1000162c                busy_wait_until
 .text.clock_configure_undivided
                0x10001650       0xd0 CMakeFiles/UART.dir/Users/alex/.pico-sdk/sdk/2.2.0/src/rp2_common/hardware_clocks/clocks.c.o
                0x10001650                clock_configure_undivided
 .text.clock_get_hz
                0x10001720        0xc CMakeFiles/UART.dir/Users/alex/.pico-sdk/sdk/2.2.0/src/rp2_common/hardware_clocks/clocks.c.o
                0x10001720                clock_get_hz
 .text.pll_init
                0x1000172c       0x8c CMakeFiles/UART.dir/Users/alex/.pico-sdk/sdk/2.2.0/src/rp2_common/hardware_pll/pll.c.o
                0x1000172c                pll_init
 .text.watchdog_reboot
                0x100017b8       0x98 CMakeFiles/UART.dir/Users/alex/.pico-sdk/sdk/2.2.0/src/rp2_common/hardware_watchdog/watchdog.c.o
                0x100017b8                watchdog_reboot
 .text.tick_start
                0x10001850       0x18 CMakeFiles/UART.dir/Users/alex/.pico-sdk/sdk/2.2.0/src/rp2_common/hardware_ticks/ticks.c.o
                0x10001850                tick_start
 .text.rom_reboot.constprop.0.isra.0
                0x10001868       0x34 CMakeFiles/UART.dir/Users/alex/.pico-sdk/sdk/2.2.0/src/rp2_common/pico_bootrom/bootrom.c.o
 .text.rom_func_lookup
                0x1000189c       0x18 CMakeFiles/UART.dir/Users/alex/.pico-sdk/sdk/2.2.0/src/rp2_common/pico_bootrom/bootrom.c.o
                0x1000189c                rom_func_lookup
 .text.rom_reset_usb_boot_extra
                0x100018b4       0x1c CMakeFiles/UART.dir/Users/alex/.pico-sdk/sdk/2.2.0/src/rp2_common/pico_bootrom/bootrom.c.o
                0x100018b4                rom_reset_usb_boot_extra
 .text.runtime_init_bootrom_locking_enable
                0x100018d0       0x14 CMakeFiles/UART.dir/Users/alex/.pico-sdk/sdk/2.2.0/src/rp2_common/pico_bootrom/bootrom_lock.c.o
                0x100018d0                runtime_init_bootrom_locking_enable
 .text.runtime_init_boot_locks_reset
                0x100018e4       0x1c CMakeFiles/UART.dir/Users/alex/.pico-sdk/sdk/2.2.0/src/rp2_common/hardware_boot_lock/boot_lock.c.o
                0x100018e4                runtime_init_boot_locks_reset
 .text.xosc_init
                0x10001900       0x30 CMakeFiles/UART.dir/Users/alex/.pico-sdk/sdk/2.2.0/src/rp2_common/hardware_xosc/xosc.c.o
                0x10001900                xosc_init
 .text.first_per_core_initializer
                0x10001930        0x4 CMakeFiles/UART.dir/Users/alex/.pico-sdk/sdk/2.2.0/src/rp2_common/pico_runtime/runtime.c.o
 .text.hard_assertion_failure
                0x10001934        0xc CMakeFiles/UART.dir/Users/alex/.pico-sdk/sdk/2.2.0/src/rp2_common/pico_runtime/runtime.c.o
                0x10001934                hard_assertion_failure
 .text.runtime_run_initializers
                0x10001940       0x20 CMakeFiles/UART.dir/Users/alex/.pico-sdk/sdk/2.2.0/src/rp2_common/pico_runtime/runtime.c.o
                0x10001940                runtime_run_initializers
 .text.runtime_init_early_resets
                0x10001960       0x34 CMakeFiles/UART.dir/Users/alex/.pico-sdk/sdk/2.2.0/src/rp2_common/pico_runtime_init/runtime_init.c.o
                0x10001960                runtime_init_early_resets
 .text.runtime_init_usb_power_down
                0x10001994       0x1c CMakeFiles/UART.dir/Users/alex/.pico-sdk/sdk/2.2.0/src/rp2_common/pico_runtime_init/runtime_init.c.o
                0x10001994                runtime_init_usb_power_down
 .text.runtime_init_per_core_enable_coprocessors
                0x100019b0       0x1c CMakeFiles/UART.dir/Users/alex/.pico-sdk/sdk/2.2.0/src/rp2_common/pico_runtime_init/runtime_init.c.o
                0x100019b0                runtime_init_per_core_enable_coprocessors
 .text.runtime_init_post_clock_resets
                0x100019cc       0x20 CMakeFiles/UART.dir/Users/alex/.pico-sdk/sdk/2.2.0/src/rp2_common/pico_runtime_init/runtime_init.c.o
                0x100019cc                runtime_init_post_clock_resets
 .text.runtime_init_bootrom_reset
                0x100019ec       0x14 CMakeFiles/UART.dir/Users/alex/.pico-sdk/sdk/2.2.0/src/rp2_common/pico_runtime_init/runtime_init.c.o
                0x100019ec                runtime_init_bootrom_reset
 .text.runtime_init_per_core_bootrom_reset
                0x10001a00       0x14 CMakeFiles/UART.dir/Users/alex/.pico-sdk/sdk/2.2.0/src/rp2_common/pico_runtime_init/runtime_init.c.o
                0x10001a00                runtime_init_per_core_bootrom_reset
 .text.runtime_init_spin_locks_reset
                0x10001a14        0x4 CMakeFiles/UART.dir/Users/alex/.pico-sdk/sdk/2.2.0/src/rp2_common/pico_runtime_init/runtime_init.c.o
                0x10001a14                runtime_init_spin_locks_reset
 .text.runtime_init_install_ram_vector_table
                0x10001a18       0x68 CMakeFiles/UART.dir/Users/alex/.pico-sdk/sdk/2.2.0/src/rp2_common/pico_runtime_init/runtime_init.c.o
                0x10001a18                runtime_init_install_ram_vector_table
 .text.runtime_init_clocks
                0x10001a80       0xdc CMakeFiles/UART.dir/Users/alex/.pico-sdk/sdk/2.2.0/src/rp2_common/pico_runtime_init/runtime_init_clocks.c.o
                0x10001a80                runtime_init_clocks
 .text.__rp2350_dcp_engaged_state_save_restore
                0x10001b5c       0x3a CMakeFiles/UART.dir/Users/alex/.pico-sdk/sdk/2.2.0/src/rp2_common/pico_double/double_aeabi_dcp.S.o
 *fill*         0x10001b96        0x2 
 .text.__wrap___aeabi_dadd
                0x10001b98       0x28 CMakeFiles/UART.dir/Users/alex/.pico-sdk/sdk/2.2.0/src/rp2_common/pico_double/double_aeabi_dcp.S.o
                0x10001ba0                __wrap___aeabi_dadd
 .text.__wrap___aeabi_dsub
                0x10001bc0       0x28 CMakeFiles/UART.dir/Users/alex/.pico-sdk/sdk/2.2.0/src/rp2_common/pico_double/double_aeabi_dcp.S.o
                0x10001bc8                __wrap___aeabi_dsub
 .text.__wrap___aeabi_dmul
                0x10001be8       0x4c CMakeFiles/UART.dir/Users/alex/.pico-sdk/sdk/2.2.0/src/rp2_common/pico_double/double_aeabi_dcp.S.o
                0x10001bf0                __wrap___aeabi_dmul
 .text.__wrap___aeabi_ddiv
                0x10001c34       0x9c CMakeFiles/UART.dir/Users/alex/.pico-sdk/sdk/2.2.0/src/rp2_common/pico_double/double_aeabi_dcp.S.o
                0x10001c3c                __wrap___aeabi_ddiv
 .text.__wrap___aeabi_i2d
                0x10001cd0       0x24 CMakeFiles/UART.dir/Users/alex/.pico-sdk/sdk/2.2.0/src/rp2_common/pico_double/double_aeabi_dcp.S.o
                0x10001cd8                __wrap___aeabi_i2d
                0x10001cd8                int2double
 .text.__wrap___aeabi_ui2d
                0x10001cf4       0x24 CMakeFiles/UART.dir/Users/alex/.pico-sdk/sdk/2.2.0/src/rp2_common/pico_double/double_aeabi_dcp.S.o
                0x10001cfc                __wrap___aeabi_ui2d
                0x10001cfc                uint2double
 .text.__wrap___aeabi_d2iz
                0x10001d18       0x24 CMakeFiles/UART.dir/Users/alex/.pico-sdk/sdk/2.2.0/src/rp2_common/pico_double/double_aeabi_dcp.S.o
                0x10001d20                __wrap___aeabi_d2iz
                0x10001d20                double2int_z
 .text.__wrap___aeabi_d2uiz
                0x10001d3c       0x24 CMakeFiles/UART.dir/Users/alex/.pico-sdk/sdk/2.2.0/src/rp2_common/pico_double/double_aeabi_dcp.S.o
                0x10001d44                double2uint_z
                0x10001d44                double2uint
                0x10001d44                __wrap___aeabi_d2uiz
 .text.__wrap___aeabi_dcmpun
                0x10001d60       0x24 CMakeFiles/UART.dir/Users/alex/.pico-sdk/sdk/2.2.0/src/rp2_common/pico_double/double_aeabi_dcp.S.o
                0x10001d68                __wrap___aeabi_dcmpun
 .text.__wrap___aeabi_dcmplt
                0x10001d84       0x28 CMakeFiles/UART.dir/Users/alex/.pico-sdk/sdk/2.2.0/src/rp2_common/pico_double/double_aeabi_dcp.S.o
                0x10001d8c                __wrap___aeabi_dcmplt
 .text.__wrap___aeabi_dcmple
                0x10001dac       0x28 CMakeFiles/UART.dir/Users/alex/.pico-sdk/sdk/2.2.0/src/rp2_common/pico_double/double_aeabi_dcp.S.o
                0x10001db4                __wrap___aeabi_dcmple
 .text.__wrap___aeabi_dcmpge
                0x10001dd4       0x28 CMakeFiles/UART.dir/Users/alex/.pico-sdk/sdk/2.2.0/src/rp2_common/pico_double/double_aeabi_dcp.S.o
                0x10001ddc                __wrap___aeabi_dcmpge
 .text.__wrap___aeabi_dcmpgt
                0x10001dfc       0x28 CMakeFiles/UART.dir/Users/alex/.pico-sdk/sdk/2.2.0/src/rp2_common/pico_double/double_aeabi_dcp.S.o
                0x10001e04                __wrap___aeabi_dcmpgt
 .text._out_null
                0x10001e24        0x4 CMakeFiles/UART.dir/Users/alex/.pico-sdk/sdk/2.2.0/src/rp2_common/pico_printf/printf.c.o
 .text._out_rev
                0x10001e28       0x9c CMakeFiles/UART.dir/Users/alex/.pico-sdk/sdk/2.2.0/src/rp2_common/pico_printf/printf.c.o
 .text._ntoa_format
                0x10001ec4      0x1d4 CMakeFiles/UART.dir/Users/alex/.pico-sdk/sdk/2.2.0/src/rp2_common/pico_printf/printf.c.o
 .text._out_char
                0x10002098        0x8 CMakeFiles/UART.dir/Users/alex/.pico-sdk/sdk/2.2.0/src/rp2_common/pico_printf/printf.c.o
 .text._out_fct
                0x100020a0        0xc CMakeFiles/UART.dir/Users/alex/.pico-sdk/sdk/2.2.0/src/rp2_common/pico_printf/printf.c.o
 *fill*         0x100020ac        0x4 
 .text._ftoa    0x100020b0      0x4bc CMakeFiles/UART.dir/Users/alex/.pico-sdk/sdk/2.2.0/src/rp2_common/pico_printf/printf.c.o
 *fill*         0x1000256c        0x4 
 .text._etoa    0x10002570      0x574 CMakeFiles/UART.dir/Users/alex/.pico-sdk/sdk/2.2.0/src/rp2_common/pico_printf/printf.c.o
 .text._vsnprintf
                0x10002ae4      0x9e4 CMakeFiles/UART.dir/Users/alex/.pico-sdk/sdk/2.2.0/src/rp2_common/pico_printf/printf.c.o
 .text.vfctprintf
                0x100034c8       0x28 CMakeFiles/UART.dir/Users/alex/.pico-sdk/sdk/2.2.0/src/rp2_common/pico_printf/printf.c.o
                0x100034c8                vfctprintf
 .text.weak_raw_vprintf
                0x100034f0       0x30 CMakeFiles/UART.dir/Users/alex/.pico-sdk/sdk/2.2.0/src/rp2_common/pico_printf/printf.c.o
                0x100034f0                weak_raw_vprintf
 .text._exit    0x10003520        0x4 CMakeFiles/UART.dir/Users/alex/.pico-sdk/sdk/2.2.0/src/rp2_common/pico_clib_interface/newlib_interface.c.o
                0x10003520                _exit
 .text.exit     0x10003524        0x8 CMakeFiles/UART.dir/Users/alex/.pico-sdk/sdk/2.2.0/src/rp2_common/pico_clib_interface/newlib_interface.c.o
                0x10003524                exit
 .text.runtime_init
                0x1000352c       0x24 CMakeFiles/UART.dir/Users/alex/.pico-sdk/sdk/2.2.0/src/rp2_common/pico_clib_interface/newlib_interface.c.o
                0x1000352c                runtime_init
 .text.stdio_out_chars_no_crlf
                0x10003550        0x8 CMakeFiles/UART.dir/Users/alex/.pico-sdk/sdk/2.2.0/src/rp2_common/pico_stdio/stdio.c.o
 .text.stdio_out_chars_crlf
                0x10003558       0xb0 CMakeFiles/UART.dir/Users/alex/.pico-sdk/sdk/2.2.0/src/rp2_common/pico_stdio/stdio.c.o
 .text.stdio_buffered_printer
                0x10003608       0x60 CMakeFiles/UART.dir/Users/alex/.pico-sdk/sdk/2.2.0/src/rp2_common/pico_stdio/stdio.c.o
 .text.stdio_put_string
                0x10003668       0xec CMakeFiles/UART.dir/Users/alex/.pico-sdk/sdk/2.2.0/src/rp2_common/pico_stdio/stdio.c.o
                0x10003668                stdio_put_string
 .text.stdio_set_driver_enabled
                0x10003754       0x28 CMakeFiles/UART.dir/Users/alex/.pico-sdk/sdk/2.2.0/src/rp2_common/pico_stdio/stdio.c.o
                0x10003754                stdio_set_driver_enabled
 .text.stdio_init_all
                0x1000377c        0x4 CMakeFiles/UART.dir/Users/alex/.pico-sdk/sdk/2.2.0/src/rp2_common/pico_stdio/stdio.c.o
                0x1000377c                stdio_init_all
 .text.__wrap_putchar
                0x10003780       0x84 CMakeFiles/UART.dir/Users/alex/.pico-sdk/sdk/2.2.0/src/rp2_common/pico_stdio/stdio.c.o
                0x10003780                stdio_putchar
                0x10003780                __wrap_putchar
 .text.__wrap_puts
                0x10003804       0x3c CMakeFiles/UART.dir/Users/alex/.pico-sdk/sdk/2.2.0/src/rp2_common/pico_stdio/stdio.c.o
                0x10003804                __wrap_puts
                0x10003804                stdio_puts
 .text.__wrap_vprintf
                0x10003840       0xc4 CMakeFiles/UART.dir/Users/alex/.pico-sdk/sdk/2.2.0/src/rp2_common/pico_stdio/stdio.c.o
                0x10003840                __wrap_vprintf
                0x10003840                stdio_vprintf
 .text.__wrap_printf
                0x10003904       0x1c CMakeFiles/UART.dir/Users/alex/.pico-sdk/sdk/2.2.0/src/rp2_common/pico_stdio/stdio.c.o
                0x10003904                stdio_printf
                0x10003904                __wrap_printf
 .text.resetd_init
                0x10003920        0x4 CMakeFiles/UART.dir/Users/alex/.pico-sdk/sdk/2.2.0/src/rp2_common/pico_stdio_usb/reset_interface.c.o
 .text.resetd_reset
                0x10003924        0xc CMakeFiles/UART.dir/Users/alex/.pico-sdk/sdk/2.2.0/src/rp2_common/pico_stdio_usb/reset_interface.c.o
 .text.resetd_open
                0x10003930       0x28 CMakeFiles/UART.dir/Users/alex/.pico-sdk/sdk/2.2.0/src/rp2_common/pico_stdio_usb/reset_interface.c.o
 .text.resetd_xfer_cb
                0x10003958        0x4 CMakeFiles/UART.dir/Users/alex/.pico-sdk/sdk/2.2.0/src/rp2_common/pico_stdio_usb/reset_interface.c.o
 .text.resetd_control_xfer_cb
                0x1000395c       0x50 CMakeFiles/UART.dir/Users/alex/.pico-sdk/sdk/2.2.0/src/rp2_common/pico_stdio_usb/reset_interface.c.o
 .text.tud_descriptor_bos_cb
                0x100039ac        0x8 CMakeFiles/UART.dir/Users/alex/.pico-sdk/sdk/2.2.0/src/rp2_common/pico_stdio_usb/reset_interface.c.o
                0x100039ac                tud_descriptor_bos_cb
 .text.tud_vendor_control_xfer_cb
                0x100039b4       0x28 CMakeFiles/UART.dir/Users/alex/.pico-sdk/sdk/2.2.0/src/rp2_common/pico_stdio_usb/reset_interface.c.o
                0x100039b4                tud_vendor_control_xfer_cb
 .text.usbd_app_driver_get_cb
                0x100039dc       0x10 CMakeFiles/UART.dir/Users/alex/.pico-sdk/sdk/2.2.0/src/rp2_common/pico_stdio_usb/reset_interface.c.o
                0x100039dc                usbd_app_driver_get_cb
 .text.tud_cdc_line_coding_cb
                0x100039ec       0x18 CMakeFiles/UART.dir/Users/alex/.pico-sdk/sdk/2.2.0/src/rp2_common/pico_stdio_usb/reset_interface.c.o
                0x100039ec                tud_cdc_line_coding_cb
 .text.stdio_usb_set_chars_available_callback
                0x10003a04       0x14 CMakeFiles/UART.dir/Users/alex/.pico-sdk/sdk/2.2.0/src/rp2_common/pico_stdio_usb/stdio_usb.c.o
                0x10003a04                stdio_usb_set_chars_available_callback
 .text.timer_task
                0x10003a18       0x70 CMakeFiles/UART.dir/Users/alex/.pico-sdk/sdk/2.2.0/src/rp2_common/pico_stdio_usb/stdio_usb.c.o
 .text.usb_irq  0x10003a88        0xc CMakeFiles/UART.dir/Users/alex/.pico-sdk/sdk/2.2.0/src/rp2_common/pico_stdio_usb/stdio_usb.c.o
 .text.stdio_usb_in_chars
                0x10003a94       0x88 CMakeFiles/UART.dir/Users/alex/.pico-sdk/sdk/2.2.0/src/rp2_common/pico_stdio_usb/stdio_usb.c.o
                0x10003a94                stdio_usb_in_chars
 .text.stdio_usb_out_flush
                0x10003b1c       0x54 CMakeFiles/UART.dir/Users/alex/.pico-sdk/sdk/2.2.0/src/rp2_common/pico_stdio_usb/stdio_usb.c.o
 .text.stdio_usb_out_chars
                0x10003b70       0xf4 CMakeFiles/UART.dir/Users/alex/.pico-sdk/sdk/2.2.0/src/rp2_common/pico_stdio_usb/stdio_usb.c.o
 .text.low_priority_worker_irq
                0x10003c64       0xd8 CMakeFiles/UART.dir/Users/alex/.pico-sdk/sdk/2.2.0/src/rp2_common/pico_stdio_usb/stdio_usb.c.o
 .text.stdio_usb_init
                0x10003d3c       0xe8 CMakeFiles/UART.dir/Users/alex/.pico-sdk/sdk/2.2.0/src/rp2_common/pico_stdio_usb/stdio_usb.c.o
                0x10003d3c                stdio_usb_init
 .text.tud_descriptor_device_cb
                0x10003e24        0x8 CMakeFiles/UART.dir/Users/alex/.pico-sdk/sdk/2.2.0/src/rp2_common/pico_stdio_usb/stdio_usb_descriptors.c.o
                0x10003e24                tud_descriptor_device_cb
 .text.tud_descriptor_configuration_cb
                0x10003e2c        0x8 CMakeFiles/UART.dir/Users/alex/.pico-sdk/sdk/2.2.0/src/rp2_common/pico_stdio_usb/stdio_usb_descriptors.c.o
                0x10003e2c                tud_descriptor_configuration_cb
 .text.tud_descriptor_string_cb
                0x10003e34       0x70 CMakeFiles/UART.dir/Users/alex/.pico-sdk/sdk/2.2.0/src/rp2_common/pico_stdio_usb/stdio_usb_descriptors.c.o
                0x10003e34                tud_descriptor_string_cb
 .text.startup._retrieve_unique_id_on_boot
                0x10003ea4       0x30 CMakeFiles/UART.dir/Users/alex/.pico-sdk/sdk/2.2.0/src/rp2_common/pico_unique_id/unique_id.c.o
 .text.pico_get_unique_board_id
                0x10003ed4       0x10 CMakeFiles/UART.dir/Users/alex/.pico-sdk/sdk/2.2.0/src/rp2_common/pico_unique_id/unique_id.c.o
                0x10003ed4                pico_get_unique_board_id
 .text.pico_get_unique_board_id_string
                0x10003ee4      0x184 CMakeFiles/UART.dir/Users/alex/.pico-sdk/sdk/2.2.0/src/rp2_common/pico_unique_id/unique_id.c.o
                0x10003ee4                pico_get_unique_board_id_string
 .text.dcd_init
                0x10004068       0x8c CMakeFiles/UART.dir/Users/alex/.pico-sdk/sdk/2.2.0/lib/tinyusb/src/portable/raspberrypi/rp2040/dcd_rp2040.c.o
                0x10004068                dcd_init
 .text.dcd_int_enable
                0x100040f4        0x8 CMakeFiles/UART.dir/Users/alex/.pico-sdk/sdk/2.2.0/lib/tinyusb/src/portable/raspberrypi/rp2040/dcd_rp2040.c.o
                0x100040f4                dcd_int_enable
 .text.dcd_set_address
                0x100040fc       0x10 CMakeFiles/UART.dir/Users/alex/.pico-sdk/sdk/2.2.0/lib/tinyusb/src/portable/raspberrypi/rp2040/dcd_rp2040.c.o
                0x100040fc                dcd_set_address
 .text.dcd_sof_enable
                0x1000410c       0x1c CMakeFiles/UART.dir/Users/alex/.pico-sdk/sdk/2.2.0/lib/tinyusb/src/portable/raspberrypi/rp2040/dcd_rp2040.c.o
                0x1000410c                dcd_sof_enable
 .text.dcd_edpt0_status_complete
                0x10004128       0x1c CMakeFiles/UART.dir/Users/alex/.pico-sdk/sdk/2.2.0/lib/tinyusb/src/portable/raspberrypi/rp2040/dcd_rp2040.c.o
                0x10004128                dcd_edpt0_status_complete
 .text.dcd_edpt_open
                0x10004144      0x104 CMakeFiles/UART.dir/Users/alex/.pico-sdk/sdk/2.2.0/lib/tinyusb/src/portable/raspberrypi/rp2040/dcd_rp2040.c.o
                0x10004144                dcd_edpt_open
 .text.dcd_edpt_close_all
                0x10004248        0x4 CMakeFiles/UART.dir/Users/alex/.pico-sdk/sdk/2.2.0/lib/tinyusb/src/portable/raspberrypi/rp2040/dcd_rp2040.c.o
                0x10004248                dcd_edpt_close_all
 .text.dcd_edpt_xfer
                0x1000424c       0x28 CMakeFiles/UART.dir/Users/alex/.pico-sdk/sdk/2.2.0/lib/tinyusb/src/portable/raspberrypi/rp2040/dcd_rp2040.c.o
                0x1000424c                dcd_edpt_xfer
 .text.dcd_edpt_stall
                0x10004274       0x30 CMakeFiles/UART.dir/Users/alex/.pico-sdk/sdk/2.2.0/lib/tinyusb/src/portable/raspberrypi/rp2040/dcd_rp2040.c.o
                0x10004274                dcd_edpt_stall
 .text.dcd_edpt_clear_stall
                0x100042a4       0x24 CMakeFiles/UART.dir/Users/alex/.pico-sdk/sdk/2.2.0/lib/tinyusb/src/portable/raspberrypi/rp2040/dcd_rp2040.c.o
                0x100042a4                dcd_edpt_clear_stall
 .text.rp2040_usb_init
                0x100042c8       0x40 CMakeFiles/UART.dir/Users/alex/.pico-sdk/sdk/2.2.0/lib/tinyusb/src/portable/raspberrypi/rp2040/rp2040_usb.c.o
                0x100042c8                rp2040_usb_init
 .text.hw_endpoint_xfer_start
                0x10004308       0x40 CMakeFiles/UART.dir/Users/alex/.pico-sdk/sdk/2.2.0/lib/tinyusb/src/portable/raspberrypi/rp2040/rp2040_usb.c.o
                0x10004308                hw_endpoint_xfer_start
 .text.configuration_reset
                0x10004348       0x8c CMakeFiles/UART.dir/Users/alex/.pico-sdk/sdk/2.2.0/lib/tinyusb/src/device/usbd.c.o
 .text.tud_event_hook_cb
                0x100043d4        0x4 CMakeFiles/UART.dir/Users/alex/.pico-sdk/sdk/2.2.0/lib/tinyusb/src/device/usbd.c.o
                0x100043d4                tud_event_hook_cb
 .text.tud_sof_cb
                0x100043d8        0x4 CMakeFiles/UART.dir/Users/alex/.pico-sdk/sdk/2.2.0/lib/tinyusb/src/device/usbd.c.o
                0x100043d8                tud_sof_cb
 .text.tud_descriptor_device_qualifier_cb
                0x100043dc        0x4 CMakeFiles/UART.dir/Users/alex/.pico-sdk/sdk/2.2.0/lib/tinyusb/src/device/usbd.c.o
                0x100043dc                tud_descriptor_device_qualifier_cb
 .text.tud_descriptor_other_speed_configuration_cb
                0x100043e0        0x4 CMakeFiles/UART.dir/Users/alex/.pico-sdk/sdk/2.2.0/lib/tinyusb/src/device/usbd.c.o
                0x100043e0                tud_descriptor_other_speed_configuration_cb
 .text.tud_mount_cb
                0x100043e4        0x4 CMakeFiles/UART.dir/Users/alex/.pico-sdk/sdk/2.2.0/lib/tinyusb/src/device/usbd.c.o
                0x100043e4                tud_mount_cb
 .text.tud_umount_cb
                0x100043e8        0x4 CMakeFiles/UART.dir/Users/alex/.pico-sdk/sdk/2.2.0/lib/tinyusb/src/device/usbd.c.o
                0x100043e8                tud_umount_cb
 .text.tud_suspend_cb
                0x100043ec        0x4 CMakeFiles/UART.dir/Users/alex/.pico-sdk/sdk/2.2.0/lib/tinyusb/src/device/usbd.c.o
                0x100043ec                tud_suspend_cb
 .text.tud_resume_cb
                0x100043f0        0x4 CMakeFiles/UART.dir/Users/alex/.pico-sdk/sdk/2.2.0/lib/tinyusb/src/device/usbd.c.o
                0x100043f0                tud_resume_cb
 .text.tud_mounted
                0x100043f4       0x10 CMakeFiles/UART.dir/Users/alex/.pico-sdk/sdk/2.2.0/lib/tinyusb/src/device/usbd.c.o
                0x100043f4                tud_mounted
 .text.tud_suspended
                0x10004404       0x10 CMakeFiles/UART.dir/Users/alex/.pico-sdk/sdk/2.2.0/lib/tinyusb/src/device/usbd.c.o
                0x10004404                tud_suspended
 .text.tud_rhport_init
                0x10004414       0xf4 CMakeFiles/UART.dir/Users/alex/.pico-sdk/sdk/2.2.0/lib/tinyusb/src/device/usbd.c.o
                0x10004414                tud_rhport_init
 .text.tud_task_ext
                0x10004508      0x784 CMakeFiles/UART.dir/Users/alex/.pico-sdk/sdk/2.2.0/lib/tinyusb/src/device/usbd.c.o
                0x10004508                tud_task_ext
 .text.usbd_open_edpt_pair
                0x10004c8c       0x9c CMakeFiles/UART.dir/Users/alex/.pico-sdk/sdk/2.2.0/lib/tinyusb/src/device/usbd.c.o
                0x10004c8c                usbd_open_edpt_pair
 .text.usbd_edpt_open
                0x10004d28       0x44 CMakeFiles/UART.dir/Users/alex/.pico-sdk/sdk/2.2.0/lib/tinyusb/src/device/usbd.c.o
                0x10004d28                usbd_edpt_open
 .text.usbd_edpt_claim
                0x10004d6c       0x24 CMakeFiles/UART.dir/Users/alex/.pico-sdk/sdk/2.2.0/lib/tinyusb/src/device/usbd.c.o
                0x10004d6c                usbd_edpt_claim
 .text.usbd_edpt_release
                0x10004d90       0x24 CMakeFiles/UART.dir/Users/alex/.pico-sdk/sdk/2.2.0/lib/tinyusb/src/device/usbd.c.o
                0x10004d90                usbd_edpt_release
 .text.usbd_edpt_xfer
                0x10004db4       0x70 CMakeFiles/UART.dir/Users/alex/.pico-sdk/sdk/2.2.0/lib/tinyusb/src/device/usbd.c.o
                0x10004db4                usbd_edpt_xfer
 .text.tud_control_status
                0x10004e24       0x34 CMakeFiles/UART.dir/Users/alex/.pico-sdk/sdk/2.2.0/lib/tinyusb/src/device/usbd_control.c.o
                0x10004e24                tud_control_status
 .text.tud_control_xfer
                0x10004e58       0xb0 CMakeFiles/UART.dir/Users/alex/.pico-sdk/sdk/2.2.0/lib/tinyusb/src/device/usbd_control.c.o
                0x10004e58                tud_control_xfer
 .text.usbd_control_reset
                0x10004f08       0x14 CMakeFiles/UART.dir/Users/alex/.pico-sdk/sdk/2.2.0/lib/tinyusb/src/device/usbd_control.c.o
                0x10004f08                usbd_control_reset
 .text.usbd_control_set_complete_callback
                0x10004f1c        0xc CMakeFiles/UART.dir/Users/alex/.pico-sdk/sdk/2.2.0/lib/tinyusb/src/device/usbd_control.c.o
                0x10004f1c                usbd_control_set_complete_callback
 .text.usbd_control_set_request
                0x10004f28       0x1c CMakeFiles/UART.dir/Users/alex/.pico-sdk/sdk/2.2.0/lib/tinyusb/src/device/usbd_control.c.o
                0x10004f28                usbd_control_set_request
 .text.usbd_control_xfer_cb
                0x10004f44      0x100 CMakeFiles/UART.dir/Users/alex/.pico-sdk/sdk/2.2.0/lib/tinyusb/src/device/usbd_control.c.o
                0x10004f44                usbd_control_xfer_cb
 .text._prep_out_transaction.isra.0
                0x10005044       0x74 CMakeFiles/UART.dir/Users/alex/.pico-sdk/sdk/2.2.0/lib/tinyusb/src/class/cdc/cdc_device.c.o
 .text.tud_cdc_n_connected
                0x100050b8       0x2c CMakeFiles/UART.dir/Users/alex/.pico-sdk/sdk/2.2.0/lib/tinyusb/src/class/cdc/cdc_device.c.o
                0x100050b8                tud_cdc_n_connected
 .text.tud_cdc_n_available
                0x100050e4       0x14 CMakeFiles/UART.dir/Users/alex/.pico-sdk/sdk/2.2.0/lib/tinyusb/src/class/cdc/cdc_device.c.o
                0x100050e4                tud_cdc_n_available
 .text.tud_cdc_n_read
                0x100050f8       0x90 CMakeFiles/UART.dir/Users/alex/.pico-sdk/sdk/2.2.0/lib/tinyusb/src/class/cdc/cdc_device.c.o
                0x100050f8                tud_cdc_n_read
 .text.tud_cdc_n_write_flush
                0x10005188       0x8c CMakeFiles/UART.dir/Users/alex/.pico-sdk/sdk/2.2.0/lib/tinyusb/src/class/cdc/cdc_device.c.o
                0x10005188                tud_cdc_n_write_flush
 .text.tud_cdc_n_write
                0x10005214       0x40 CMakeFiles/UART.dir/Users/alex/.pico-sdk/sdk/2.2.0/lib/tinyusb/src/class/cdc/cdc_device.c.o
                0x10005214                tud_cdc_n_write
 .text.tud_cdc_n_write_available
                0x10005254       0x14 CMakeFiles/UART.dir/Users/alex/.pico-sdk/sdk/2.2.0/lib/tinyusb/src/class/cdc/cdc_device.c.o
                0x10005254                tud_cdc_n_write_available
 .text.cdcd_init
                0x10005268       0x70 CMakeFiles/UART.dir/Users/alex/.pico-sdk/sdk/2.2.0/lib/tinyusb/src/class/cdc/cdc_device.c.o
                0x10005268                cdcd_init
 .text.cdcd_deinit
                0x100052d8       0x30 CMakeFiles/UART.dir/Users/alex/.pico-sdk/sdk/2.2.0/lib/tinyusb/src/class/cdc/cdc_device.c.o
                0x100052d8                cdcd_deinit
 .text.cdcd_reset
                0x10005308       0x4c CMakeFiles/UART.dir/Users/alex/.pico-sdk/sdk/2.2.0/lib/tinyusb/src/class/cdc/cdc_device.c.o
                0x10005308                cdcd_reset
 .text.cdcd_open
                0x10005354       0xc0 CMakeFiles/UART.dir/Users/alex/.pico-sdk/sdk/2.2.0/lib/tinyusb/src/class/cdc/cdc_device.c.o
                0x10005354                cdcd_open
 .text.cdcd_control_xfer_cb
                0x10005414       0xc0 CMakeFiles/UART.dir/Users/alex/.pico-sdk/sdk/2.2.0/lib/tinyusb/src/class/cdc/cdc_device.c.o
                0x10005414                cdcd_control_xfer_cb
 .text.cdcd_xfer_cb
                0x100054d4       0xf8 CMakeFiles/UART.dir/Users/alex/.pico-sdk/sdk/2.2.0/lib/tinyusb/src/class/cdc/cdc_device.c.o
                0x100054d4                cdcd_xfer_cb
 .text.vendord_init
                0x100055cc       0x5c CMakeFiles/UART.dir/Users/alex/.pico-sdk/sdk/2.2.0/lib/tinyusb/src/class/vendor/vendor_device.c.o
                0x100055cc                vendord_init
 .text.vendord_deinit
                0x10005628       0x1c CMakeFiles/UART.dir/Users/alex/.pico-sdk/sdk/2.2.0/lib/tinyusb/src/class/vendor/vendor_device.c.o
                0x10005628                vendord_deinit
 .text.vendord_reset
                0x10005644       0x24 CMakeFiles/UART.dir/Users/alex/.pico-sdk/sdk/2.2.0/lib/tinyusb/src/class/vendor/vendor_device.c.o
                0x10005644                vendord_reset
 .text.vendord_open
                0x10005668       0xf4 CMakeFiles/UART.dir/Users/alex/.pico-sdk/sdk/2.2.0/lib/tinyusb/src/class/vendor/vendor_device.c.o
                0x10005668                vendord_open
 .text.vendord_xfer_cb
                0x1000575c       0x88 CMakeFiles/UART.dir/Users/alex/.pico-sdk/sdk/2.2.0/lib/tinyusb/src/class/vendor/vendor_device.c.o
                0x1000575c                vendord_xfer_cb
 .text.tusb_rhport_init
                0x100057e4       0x64 CMakeFiles/UART.dir/Users/alex/.pico-sdk/sdk/2.2.0/lib/tinyusb/src/tusb.c.o
                0x100057e4                tusb_rhport_init
 .text.tu_edpt_claim
                0x10005848       0x54 CMakeFiles/UART.dir/Users/alex/.pico-sdk/sdk/2.2.0/lib/tinyusb/src/tusb.c.o
                0x10005848                tu_edpt_claim
 .text.tu_edpt_release
                0x1000589c       0x38 CMakeFiles/UART.dir/Users/alex/.pico-sdk/sdk/2.2.0/lib/tinyusb/src/tusb.c.o
                0x1000589c                tu_edpt_release
 .text.tu_edpt_validate
                0x100058d4       0x60 CMakeFiles/UART.dir/Users/alex/.pico-sdk/sdk/2.2.0/lib/tinyusb/src/tusb.c.o
                0x100058d4                tu_edpt_validate
 .text.tu_edpt_bind_driver
                0x10005934       0x58 CMakeFiles/UART.dir/Users/alex/.pico-sdk/sdk/2.2.0/lib/tinyusb/src/tusb.c.o
                0x10005934                tu_edpt_bind_driver
 .text.tu_edpt_stream_init
                0x1000598c       0x58 CMakeFiles/UART.dir/Users/alex/.pico-sdk/sdk/2.2.0/lib/tinyusb/src/tusb.c.o
                0x1000598c                tu_edpt_stream_init
 .text.tu_edpt_stream_deinit
                0x100059e4        0x4 CMakeFiles/UART.dir/Users/alex/.pico-sdk/sdk/2.2.0/lib/tinyusb/src/tusb.c.o
                0x100059e4                tu_edpt_stream_deinit
 .text.tu_edpt_stream_write_zlp_if_needed
                0x100059e8       0x68 CMakeFiles/UART.dir/Users/alex/.pico-sdk/sdk/2.2.0/lib/tinyusb/src/tusb.c.o
                0x100059e8                tu_edpt_stream_write_zlp_if_needed
 .text.tu_edpt_stream_write_xfer
                0x10005a50       0x70 CMakeFiles/UART.dir/Users/alex/.pico-sdk/sdk/2.2.0/lib/tinyusb/src/tusb.c.o
                0x10005a50                tu_edpt_stream_write_xfer
 .text.tu_edpt_stream_read_xfer
                0x10005ac0       0xc8 CMakeFiles/UART.dir/Users/alex/.pico-sdk/sdk/2.2.0/lib/tinyusb/src/tusb.c.o
                0x10005ac0                tu_edpt_stream_read_xfer
 .text.tu_fifo_config
                0x10005b88       0x60 CMakeFiles/UART.dir/Users/alex/.pico-sdk/sdk/2.2.0/lib/tinyusb/src/common/tusb_fifo.c.o
                0x10005b88                tu_fifo_config
 .text.tu_fifo_count
                0x10005be8       0x20 CMakeFiles/UART.dir/Users/alex/.pico-sdk/sdk/2.2.0/lib/tinyusb/src/common/tusb_fifo.c.o
                0x10005be8                tu_fifo_count
 .text.tu_fifo_empty
                0x10005c08       0x14 CMakeFiles/UART.dir/Users/alex/.pico-sdk/sdk/2.2.0/lib/tinyusb/src/common/tusb_fifo.c.o
                0x10005c08                tu_fifo_empty
 .text.tu_fifo_remaining
                0x10005c1c       0x24 CMakeFiles/UART.dir/Users/alex/.pico-sdk/sdk/2.2.0/lib/tinyusb/src/common/tusb_fifo.c.o
                0x10005c1c                tu_fifo_remaining
 .text.tu_fifo_read
                0x10005c40       0x94 CMakeFiles/UART.dir/Users/alex/.pico-sdk/sdk/2.2.0/lib/tinyusb/src/common/tusb_fifo.c.o
                0x10005c40                tu_fifo_read
 .text.tu_fifo_read_n
                0x10005cd4       0xd8 CMakeFiles/UART.dir/Users/alex/.pico-sdk/sdk/2.2.0/lib/tinyusb/src/common/tusb_fifo.c.o
                0x10005cd4                tu_fifo_read_n
 .text.tu_fifo_write
                0x10005dac       0xa4 CMakeFiles/UART.dir/Users/alex/.pico-sdk/sdk/2.2.0/lib/tinyusb/src/common/tusb_fifo.c.o
                0x10005dac                tu_fifo_write
 .text.tu_fifo_write_n
                0x10005e50      0x15c CMakeFiles/UART.dir/Users/alex/.pico-sdk/sdk/2.2.0/lib/tinyusb/src/common/tusb_fifo.c.o
                0x10005e50                tu_fifo_write_n
 .text.tu_fifo_clear
                0x10005fac       0x38 CMakeFiles/UART.dir/Users/alex/.pico-sdk/sdk/2.2.0/lib/tinyusb/src/common/tusb_fifo.c.o
                0x10005fac                tu_fifo_clear
 .text.tu_fifo_set_overwritable
                0x10005fe4       0x3c CMakeFiles/UART.dir/Users/alex/.pico-sdk/sdk/2.2.0/lib/tinyusb/src/common/tusb_fifo.c.o
                0x10005fe4                tu_fifo_set_overwritable
 .text.cyw43_arch_set_async_context
                0x10006020        0xc CMakeFiles/UART.dir/Users/alex/.pico-sdk/sdk/2.2.0/src/rp2_common/pico_cyw43_arch/cyw43_arch.c.o
                0x10006020                cyw43_arch_set_async_context
 .text.cyw43_arch_gpio_put
                0x1000602c       0x10 CMakeFiles/UART.dir/Users/alex/.pico-sdk/sdk/2.2.0/src/rp2_common/pico_cyw43_arch/cyw43_arch.c.o
                0x1000602c                cyw43_arch_gpio_put
 .text.cyw43_arch_async_context
                0x1000603c        0xc CMakeFiles/UART.dir/Users/alex/.pico-sdk/sdk/2.2.0/src/rp2_common/pico_cyw43_arch/cyw43_arch.c.o
                0x1000603c                cyw43_arch_async_context
 .text.cyw43_arch_init
                0x10006048       0x5c CMakeFiles/UART.dir/Users/alex/.pico-sdk/sdk/2.2.0/src/rp2_common/pico_cyw43_arch/cyw43_arch_threadsafe_background.c.o
                0x10006048                cyw43_arch_init
 .text.ns_delay.constprop.0
                0x100060a4       0x24 CMakeFiles/UART.dir/Users/alex/.pico-sdk/sdk/2.2.0/src/rp2_common/pico_cyw43_driver/cyw43_bus_pio_spi.c.o
 .text.cyw43_spi_deinit
                0x100060c8       0x6c CMakeFiles/UART.dir/Users/alex/.pico-sdk/sdk/2.2.0/src/rp2_common/pico_cyw43_driver/cyw43_bus_pio_spi.c.o
                0x100060c8                cyw43_spi_deinit
 .text.cyw43_spi_init
                0x10006134      0x128 CMakeFiles/UART.dir/Users/alex/.pico-sdk/sdk/2.2.0/src/rp2_common/pico_cyw43_driver/cyw43_bus_pio_spi.c.o
                0x10006134                cyw43_spi_init
 .text.cyw43_spi_transfer
                0x1000625c      0x39c CMakeFiles/UART.dir/Users/alex/.pico-sdk/sdk/2.2.0/src/rp2_common/pico_cyw43_driver/cyw43_bus_pio_spi.c.o
                0x1000625c                cyw43_spi_transfer
 .text.cyw43_spi_gpio_setup
                0x100065f8       0x40 CMakeFiles/UART.dir/Users/alex/.pico-sdk/sdk/2.2.0/src/rp2_common/pico_cyw43_driver/cyw43_bus_pio_spi.c.o
                0x100065f8                cyw43_spi_gpio_setup
 .text.cyw43_spi_reset
                0x10006638       0x30 CMakeFiles/UART.dir/Users/alex/.pico-sdk/sdk/2.2.0/src/rp2_common/pico_cyw43_driver/cyw43_bus_pio_spi.c.o
                0x10006638                cyw43_spi_reset
 .text.read_reg_u32_swap
                0x10006668       0x44 CMakeFiles/UART.dir/Users/alex/.pico-sdk/sdk/2.2.0/src/rp2_common/pico_cyw43_driver/cyw43_bus_pio_spi.c.o
                0x10006668                read_reg_u32_swap
 .text.cyw43_read_reg_u32
                0x100066ac       0x54 CMakeFiles/UART.dir/Users/alex/.pico-sdk/sdk/2.2.0/src/rp2_common/pico_cyw43_driver/cyw43_bus_pio_spi.c.o
                0x100066ac                cyw43_read_reg_u32
 .text.cyw43_read_reg_u16
                0x10006700       0x58 CMakeFiles/UART.dir/Users/alex/.pico-sdk/sdk/2.2.0/src/rp2_common/pico_cyw43_driver/cyw43_bus_pio_spi.c.o
                0x10006700                cyw43_read_reg_u16
 .text.cyw43_read_reg_u8
                0x10006758       0x58 CMakeFiles/UART.dir/Users/alex/.pico-sdk/sdk/2.2.0/src/rp2_common/pico_cyw43_driver/cyw43_bus_pio_spi.c.o
                0x10006758                cyw43_read_reg_u8
 .text.write_reg_u32_swap
                0x100067b0      0x1cc CMakeFiles/UART.dir/Users/alex/.pico-sdk/sdk/2.2.0/src/rp2_common/pico_cyw43_driver/cyw43_bus_pio_spi.c.o
                0x100067b0                write_reg_u32_swap
 .text.cyw43_write_reg_u32
                0x1000697c      0x1c8 CMakeFiles/UART.dir/Users/alex/.pico-sdk/sdk/2.2.0/src/rp2_common/pico_cyw43_driver/cyw43_bus_pio_spi.c.o
                0x1000697c                cyw43_write_reg_u32
 .text.cyw43_write_reg_u16
                0x10006b44      0x1c8 CMakeFiles/UART.dir/Users/alex/.pico-sdk/sdk/2.2.0/src/rp2_common/pico_cyw43_driver/cyw43_bus_pio_spi.c.o
                0x10006b44                cyw43_write_reg_u16
 .text.cyw43_write_reg_u8
                0x10006d0c      0x1c8 CMakeFiles/UART.dir/Users/alex/.pico-sdk/sdk/2.2.0/src/rp2_common/pico_cyw43_driver/cyw43_bus_pio_spi.c.o
                0x10006d0c                cyw43_write_reg_u8
 .text.cyw43_read_bytes
                0x10006ed4       0x84 CMakeFiles/UART.dir/Users/alex/.pico-sdk/sdk/2.2.0/src/rp2_common/pico_cyw43_driver/cyw43_bus_pio_spi.c.o
                0x10006ed4                cyw43_read_bytes
 .text.cyw43_write_bytes
                0x10006f58       0xcc CMakeFiles/UART.dir/Users/alex/.pico-sdk/sdk/2.2.0/src/rp2_common/pico_cyw43_driver/cyw43_bus_pio_spi.c.o
                0x10006f58                cyw43_write_bytes
 .text.cyw43_set_backplane_window
                0x10007024       0x70 CMakeFiles/UART.dir/Users/alex/.pico-sdk/sdk/2.2.0/lib/cyw43-driver/src/cyw43_ll.c.o
 .text.cyw43_ll_parse_async_event
                0x10007094      0x114 CMakeFiles/UART.dir/Users/alex/.pico-sdk/sdk/2.2.0/lib/cyw43-driver/src/cyw43_ll.c.o
 .text.cyw43_kso_set
                0x100071a8       0x78 CMakeFiles/UART.dir/Users/alex/.pico-sdk/sdk/2.2.0/lib/cyw43-driver/src/cyw43_ll.c.o
 .text.cyw43_ll_sdpcm_poll_device
                0x10007220      0x230 CMakeFiles/UART.dir/Users/alex/.pico-sdk/sdk/2.2.0/lib/cyw43-driver/src/cyw43_ll.c.o
 .text.cyw43_sdpcm_send_common
                0x10007450       0xe8 CMakeFiles/UART.dir/Users/alex/.pico-sdk/sdk/2.2.0/lib/cyw43-driver/src/cyw43_ll.c.o
 .text.cyw43_do_ioctl.part.0
                0x10007538       0xb8 CMakeFiles/UART.dir/Users/alex/.pico-sdk/sdk/2.2.0/lib/cyw43-driver/src/cyw43_ll.c.o
 .text.cyw43_write_iovar_u32.constprop.0
                0x100075f0       0x74 CMakeFiles/UART.dir/Users/alex/.pico-sdk/sdk/2.2.0/lib/cyw43-driver/src/cyw43_ll.c.o
 .text.cyw43_write_iovar_n
                0x10007664       0x80 CMakeFiles/UART.dir/Users/alex/.pico-sdk/sdk/2.2.0/lib/cyw43-driver/src/cyw43_ll.c.o
 .text.cyw43_read_backplane.constprop.0
                0x100076e4       0xe4 CMakeFiles/UART.dir/Users/alex/.pico-sdk/sdk/2.2.0/lib/cyw43-driver/src/cyw43_ll.c.o
 .text.cyw43_write_backplane
                0x100077c8       0xf8 CMakeFiles/UART.dir/Users/alex/.pico-sdk/sdk/2.2.0/lib/cyw43-driver/src/cyw43_ll.c.o
 .text.reset_device_core.constprop.0
                0x100078c0      0x3ac CMakeFiles/UART.dir/Users/alex/.pico-sdk/sdk/2.2.0/lib/cyw43-driver/src/cyw43_ll.c.o
 .text.cyw43_ll_init
                0x10007c6c       0x18 CMakeFiles/UART.dir/Users/alex/.pico-sdk/sdk/2.2.0/lib/cyw43-driver/src/cyw43_ll.c.o
                0x10007c6c                cyw43_ll_init
 .text.cyw43_ll_deinit
                0x10007c84        0x4 CMakeFiles/UART.dir/Users/alex/.pico-sdk/sdk/2.2.0/lib/cyw43-driver/src/cyw43_ll.c.o
                0x10007c84                cyw43_ll_deinit
 .text.cyw43_ll_process_packets
                0x10007c88       0x44 CMakeFiles/UART.dir/Users/alex/.pico-sdk/sdk/2.2.0/lib/cyw43-driver/src/cyw43_ll.c.o
                0x10007c88                cyw43_ll_process_packets
 .text.cyw43_ll_ioctl
                0x10007ccc       0x78 CMakeFiles/UART.dir/Users/alex/.pico-sdk/sdk/2.2.0/lib/cyw43-driver/src/cyw43_ll.c.o
                0x10007ccc                cyw43_ll_ioctl
 .text.cyw43_ll_bus_sleep
                0x10007d44       0x30 CMakeFiles/UART.dir/Users/alex/.pico-sdk/sdk/2.2.0/lib/cyw43-driver/src/cyw43_ll.c.o
                0x10007d44                cyw43_ll_bus_sleep
 .text.cyw43_ll_wifi_get_mac
                0x10007d74       0x84 CMakeFiles/UART.dir/Users/alex/.pico-sdk/sdk/2.2.0/lib/cyw43-driver/src/cyw43_ll.c.o
                0x10007d74                cyw43_ll_wifi_get_mac
 .text.cyw43_ll_bus_init
                0x10007df8      0x840 CMakeFiles/UART.dir/Users/alex/.pico-sdk/sdk/2.2.0/lib/cyw43-driver/src/cyw43_ll.c.o
                0x10007df8                cyw43_ll_bus_init
 .text.cyw43_ll_wifi_set_wpa_auth
                0x10008638       0x48 CMakeFiles/UART.dir/Users/alex/.pico-sdk/sdk/2.2.0/lib/cyw43-driver/src/cyw43_ll.c.o
                0x10008638                cyw43_ll_wifi_set_wpa_auth
 .text.cyw43_ll_wifi_rejoin
                0x10008680       0x74 CMakeFiles/UART.dir/Users/alex/.pico-sdk/sdk/2.2.0/lib/cyw43-driver/src/cyw43_ll.c.o
                0x10008680                cyw43_ll_wifi_rejoin
 .text.cyw43_ll_gpio_set
                0x100086f4       0x9c CMakeFiles/UART.dir/Users/alex/.pico-sdk/sdk/2.2.0/lib/cyw43-driver/src/cyw43_ll.c.o
                0x100086f4                cyw43_ll_gpio_set
 .text.cyw43_ll_has_work
                0x10008790       0x14 CMakeFiles/UART.dir/Users/alex/.pico-sdk/sdk/2.2.0/lib/cyw43-driver/src/cyw43_ll.c.o
                0x10008790                cyw43_ll_has_work
 .text.cyw43_poll_func
                0x100087a4       0xb8 CMakeFiles/UART.dir/Users/alex/.pico-sdk/sdk/2.2.0/lib/cyw43-driver/src/cyw43_ctrl.c.o
 .text.cyw43_init
                0x1000885c       0x5c CMakeFiles/UART.dir/Users/alex/.pico-sdk/sdk/2.2.0/lib/cyw43-driver/src/cyw43_ctrl.c.o
                0x1000885c                cyw43_init
 .text.cyw43_deinit
                0x100088b8       0x80 CMakeFiles/UART.dir/Users/alex/.pico-sdk/sdk/2.2.0/lib/cyw43-driver/src/cyw43_ctrl.c.o
                0x100088b8                cyw43_deinit
 .text.cyw43_cb_read_host_interrupt_pin
                0x10008938        0xc CMakeFiles/UART.dir/Users/alex/.pico-sdk/sdk/2.2.0/lib/cyw43-driver/src/cyw43_ctrl.c.o
                0x10008938                cyw43_cb_read_host_interrupt_pin
 .text.cyw43_cb_ensure_awake
                0x10008944        0xc CMakeFiles/UART.dir/Users/alex/.pico-sdk/sdk/2.2.0/lib/cyw43-driver/src/cyw43_ctrl.c.o
                0x10008944                cyw43_cb_ensure_awake
 .text.cyw43_cb_process_async_event
                0x10008950      0x23c CMakeFiles/UART.dir/Users/alex/.pico-sdk/sdk/2.2.0/lib/cyw43-driver/src/cyw43_ctrl.c.o
                0x10008950                cyw43_cb_process_async_event
 .text.cyw43_gpio_set
                0x10008b8c       0x98 CMakeFiles/UART.dir/Users/alex/.pico-sdk/sdk/2.2.0/lib/cyw43-driver/src/cyw43_ctrl.c.o
                0x10008b8c                cyw43_gpio_set
 .text.pio_sm_set_pindirs_with_mask64
                0x10008c24       0x68 CMakeFiles/UART.dir/Users/alex/.pico-sdk/sdk/2.2.0/src/rp2_common/hardware_pio/pio.c.o
                0x10008c24                pio_sm_set_pindirs_with_mask64
 .text.pio_sm_set_consecutive_pindirs
                0x10008c8c       0x8c CMakeFiles/UART.dir/Users/alex/.pico-sdk/sdk/2.2.0/src/rp2_common/hardware_pio/pio.c.o
                0x10008c8c                pio_sm_set_consecutive_pindirs
 .text.pio_claim_free_sm_and_add_program_for_gpio_range
                0x10008d18      0x170 CMakeFiles/UART.dir/Users/alex/.pico-sdk/sdk/2.2.0/src/rp2_common/hardware_pio/pio.c.o
                0x10008d18                pio_claim_free_sm_and_add_program_for_gpio_range
 .text.pio_remove_program_and_unclaim_sm
                0x10008e88       0x4c CMakeFiles/UART.dir/Users/alex/.pico-sdk/sdk/2.2.0/src/rp2_common/hardware_pio/pio.c.o
                0x10008e88                pio_remove_program_and_unclaim_sm
 .text.dma_channel_unclaim
                0x10008ed4        0xc CMakeFiles/UART.dir/Users/alex/.pico-sdk/sdk/2.2.0/src/rp2_common/hardware_dma/dma.c.o
                0x10008ed4                dma_channel_unclaim
 .text.dma_claim_unused_channel
                0x10008ee0       0x20 CMakeFiles/UART.dir/Users/alex/.pico-sdk/sdk/2.2.0/src/rp2_common/hardware_dma/dma.c.o
                0x10008ee0                dma_claim_unused_channel
 .text.dma_channel_cleanup
                0x10008f00       0x50 CMakeFiles/UART.dir/Users/alex/.pico-sdk/sdk/2.2.0/src/rp2_common/hardware_dma/dma.c.o
                0x10008f00                dma_channel_cleanup
 .text.cyw43_sleep_timeout_reached
                0x10008f50        0xc CMakeFiles/UART.dir/Users/alex/.pico-sdk/sdk/2.2.0/src/rp2_common/pico_cyw43_driver/cyw43_driver.c.o
 .text.cyw43_irq_init
                0x10008f5c       0x28 CMakeFiles/UART.dir/Users/alex/.pico-sdk/sdk/2.2.0/src/rp2_common/pico_cyw43_driver/cyw43_driver.c.o
                0x10008f5c                cyw43_irq_init
 .text.cyw43_irq_deinit
                0x10008f84       0x20 CMakeFiles/UART.dir/Users/alex/.pico-sdk/sdk/2.2.0/src/rp2_common/pico_cyw43_driver/cyw43_driver.c.o
                0x10008f84                cyw43_irq_deinit
 .text.cyw43_gpio_irq_handler
                0x10008fa4       0x48 CMakeFiles/UART.dir/Users/alex/.pico-sdk/sdk/2.2.0/src/rp2_common/pico_cyw43_driver/cyw43_driver.c.o
 .text.cyw43_do_poll
                0x10008fec       0x70 CMakeFiles/UART.dir/Users/alex/.pico-sdk/sdk/2.2.0/src/rp2_common/pico_cyw43_driver/cyw43_driver.c.o
 .text.cyw43_post_poll_hook
                0x1000905c        0xc CMakeFiles/UART.dir/Users/alex/.pico-sdk/sdk/2.2.0/src/rp2_common/pico_cyw43_driver/cyw43_driver.c.o
                0x1000905c                cyw43_post_poll_hook
 .text.cyw43_schedule_internal_poll_dispatch
                0x10009068       0x14 CMakeFiles/UART.dir/Users/alex/.pico-sdk/sdk/2.2.0/src/rp2_common/pico_cyw43_driver/cyw43_driver.c.o
                0x10009068                cyw43_schedule_internal_poll_dispatch
 .text.cyw43_driver_init
                0x1000907c       0x38 CMakeFiles/UART.dir/Users/alex/.pico-sdk/sdk/2.2.0/src/rp2_common/pico_cyw43_driver/cyw43_driver.c.o
                0x1000907c                cyw43_driver_init
 .text.cyw43_driver_deinit
                0x100090b4       0x48 CMakeFiles/UART.dir/Users/alex/.pico-sdk/sdk/2.2.0/src/rp2_common/pico_cyw43_driver/cyw43_driver.c.o
                0x100090b4                cyw43_driver_deinit
 .text.cyw43_hal_generate_laa_mac
                0x100090fc       0x28 CMakeFiles/UART.dir/Users/alex/.pico-sdk/sdk/2.2.0/src/rp2_common/pico_cyw43_driver/cyw43_driver.c.o
                0x100090fc                cyw43_hal_generate_laa_mac
 .text.cyw43_thread_enter
                0x10009124       0x10 CMakeFiles/UART.dir/Users/alex/.pico-sdk/sdk/2.2.0/src/rp2_common/pico_cyw43_driver/cyw43_driver.c.o
                0x10009124                cyw43_thread_enter
 .text.cyw43_thread_exit
                0x10009134       0x10 CMakeFiles/UART.dir/Users/alex/.pico-sdk/sdk/2.2.0/src/rp2_common/pico_cyw43_driver/cyw43_driver.c.o
                0x10009134                cyw43_thread_exit
 .text.cyw43_await_background_or_timeout_us
                0x10009144       0x6c CMakeFiles/UART.dir/Users/alex/.pico-sdk/sdk/2.2.0/src/rp2_common/pico_cyw43_driver/cyw43_driver.c.o
                0x10009144                cyw43_await_background_or_timeout_us
 .text.cyw43_delay_ms
                0x100091b0       0x40 CMakeFiles/UART.dir/Users/alex/.pico-sdk/sdk/2.2.0/src/rp2_common/pico_cyw43_driver/cyw43_driver.c.o
                0x100091b0                cyw43_delay_ms
 .text.cyw43_cb_tcpip_deinit
                0x100091f0        0x4 CMakeFiles/UART.dir/Users/alex/.pico-sdk/sdk/2.2.0/src/rp2_common/pico_cyw43_driver/cyw43_driver.c.o
                0x100091f0                cyw43_cb_tcpip_deinit
 .text.cyw43_cb_tcpip_set_link_up
                0x100091f4        0xc CMakeFiles/UART.dir/Users/alex/.pico-sdk/sdk/2.2.0/src/rp2_common/pico_cyw43_driver/cyw43_driver.c.o
                0x100091f4                cyw43_cb_tcpip_set_link_up
 .text.cyw43_cb_tcpip_set_link_down
                0x10009200        0xc CMakeFiles/UART.dir/Users/alex/.pico-sdk/sdk/2.2.0/src/rp2_common/pico_cyw43_driver/cyw43_driver.c.o
                0x10009200                cyw43_cb_tcpip_set_link_down
 .text.cyw43_cb_process_ethernet
                0x1000920c        0xc CMakeFiles/UART.dir/Users/alex/.pico-sdk/sdk/2.2.0/src/rp2_common/pico_cyw43_driver/cyw43_driver.c.o
                0x1000920c                cyw43_cb_process_ethernet
 .text.async_context_threadsafe_background_acquire_lock_blocking
                0x10009218        0x8 CMakeFiles/UART.dir/Users/alex/.pico-sdk/sdk/2.2.0/src/rp2_common/pico_async_context/async_context_threadsafe_background.c.o
 .text.alarm_handler
                0x10009220       0x20 CMakeFiles/UART.dir/Users/alex/.pico-sdk/sdk/2.2.0/src/rp2_common/pico_async_context/async_context_threadsafe_background.c.o
 .text.async_context_threadsafe_background_set_work_pending
                0x10009240       0x1c CMakeFiles/UART.dir/Users/alex/.pico-sdk/sdk/2.2.0/src/rp2_common/pico_async_context/async_context_threadsafe_background.c.o
 .text.process_under_lock
                0x1000925c       0xb0 CMakeFiles/UART.dir/Users/alex/.pico-sdk/sdk/2.2.0/src/rp2_common/pico_async_context/async_context_threadsafe_background.c.o
 .text.async_context_threadsafe_background_execute_sync
                0x1000930c       0x3c CMakeFiles/UART.dir/Users/alex/.pico-sdk/sdk/2.2.0/src/rp2_common/pico_async_context/async_context_threadsafe_background.c.o
                0x1000930c                async_context_threadsafe_background_execute_sync
 .text.async_context_threadsafe_background_deinit
                0x10009348       0x5c CMakeFiles/UART.dir/Users/alex/.pico-sdk/sdk/2.2.0/src/rp2_common/pico_async_context/async_context_threadsafe_background.c.o
 .text.low_priority_irq_handler
                0x100093a4       0x40 CMakeFiles/UART.dir/Users/alex/.pico-sdk/sdk/2.2.0/src/rp2_common/pico_async_context/async_context_threadsafe_background.c.o
 .text.async_context_threadsafe_background_wait_for_work_until
                0x100093e4        0x8 CMakeFiles/UART.dir/Users/alex/.pico-sdk/sdk/2.2.0/src/rp2_common/pico_async_context/async_context_threadsafe_background.c.o
 .text.async_context_threadsafe_background_wait_until
                0x100093ec       0x14 CMakeFiles/UART.dir/Users/alex/.pico-sdk/sdk/2.2.0/src/rp2_common/pico_async_context/async_context_threadsafe_background.c.o
 .text.async_context_threadsafe_background_lock_check
                0x10009400       0x24 CMakeFiles/UART.dir/Users/alex/.pico-sdk/sdk/2.2.0/src/rp2_common/pico_async_context/async_context_threadsafe_background.c.o
 .text.async_context_threadsafe_background_release_lock
                0x10009424       0x28 CMakeFiles/UART.dir/Users/alex/.pico-sdk/sdk/2.2.0/src/rp2_common/pico_async_context/async_context_threadsafe_background.c.o
 .text.async_context_threadsafe_background_when_pending_worker
                0x1000944c       0x3c CMakeFiles/UART.dir/Users/alex/.pico-sdk/sdk/2.2.0/src/rp2_common/pico_async_context/async_context_threadsafe_background.c.o
 .text.async_context_threadsafe_background_add_when_pending_worker
                0x10009488       0x3c CMakeFiles/UART.dir/Users/alex/.pico-sdk/sdk/2.2.0/src/rp2_common/pico_async_context/async_context_threadsafe_background.c.o
 .text.async_context_threadsafe_background_remove_at_time_worker
                0x100094c4       0x3c CMakeFiles/UART.dir/Users/alex/.pico-sdk/sdk/2.2.0/src/rp2_common/pico_async_context/async_context_threadsafe_background.c.o
 .text.async_context_threadsafe_background_add_at_time_worker
                0x10009500       0x3c CMakeFiles/UART.dir/Users/alex/.pico-sdk/sdk/2.2.0/src/rp2_common/pico_async_context/async_context_threadsafe_background.c.o
 .text.async_context_threadsafe_background_default_config
                0x1000953c        0xc CMakeFiles/UART.dir/Users/alex/.pico-sdk/sdk/2.2.0/src/rp2_common/pico_async_context/async_context_threadsafe_background.c.o
                0x1000953c                async_context_threadsafe_background_default_config
 .text.async_context_threadsafe_background_init
                0x10009548       0x8c CMakeFiles/UART.dir/Users/alex/.pico-sdk/sdk/2.2.0/src/rp2_common/pico_async_context/async_context_threadsafe_background.c.o
                0x10009548                async_context_threadsafe_background_init
 .text.async_context_base_add_at_time_worker
                0x100095d4       0x24 CMakeFiles/UART.dir/Users/alex/.pico-sdk/sdk/2.2.0/src/rp2_common/pico_async_context/async_context_base.c.o
                0x100095d4                async_context_base_add_at_time_worker
 .text.async_context_base_remove_at_time_worker
                0x100095f8       0x20 CMakeFiles/UART.dir/Users/alex/.pico-sdk/sdk/2.2.0/src/rp2_common/pico_async_context/async_context_base.c.o
                0x100095f8                async_context_base_remove_at_time_worker
 .text.async_context_base_add_when_pending_worker
                0x10009618       0x20 CMakeFiles/UART.dir/Users/alex/.pico-sdk/sdk/2.2.0/src/rp2_common/pico_async_context/async_context_base.c.o
                0x10009618                async_context_base_add_when_pending_worker
 .text.async_context_base_remove_when_pending_worker
                0x10009638       0x20 CMakeFiles/UART.dir/Users/alex/.pico-sdk/sdk/2.2.0/src/rp2_common/pico_async_context/async_context_base.c.o
                0x10009638                async_context_base_remove_when_pending_worker
 .text.async_context_base_execute_once
                0x10009658       0xd8 CMakeFiles/UART.dir/Users/alex/.pico-sdk/sdk/2.2.0/src/rp2_common/pico_async_context/async_context_base.c.o
                0x10009658                async_context_base_execute_once
 .text.memmove  0x10009730       0xfc /Users/alex/.pico-sdk/toolchain/14_2_Rel1/bin/../lib/gcc/arm-none-eabi/14.2.1/../../../../arm-none-eabi/lib/thumb/v8-m.main+fp/softfp/libg.a(libc_a-memmove.o)
                0x10009730                memmove
 .text.memset   0x1000982c       0x9c /Users/alex/.pico-sdk/toolchain/14_2_Rel1/bin/../lib/gcc/arm-none-eabi/14.2.1/../../../../arm-none-eabi/lib/thumb/v8-m.main+fp/softfp/libg.a(libc_a-memset.o)
                0x1000982c                memset
 .text.strncmp  0x100098c8       0x74 /Users/alex/.pico-sdk/toolchain/14_2_Rel1/bin/../lib/gcc/arm-none-eabi/14.2.1/../../../../arm-none-eabi/lib/thumb/v8-m.main+fp/softfp/libg.a(libc_a-strncmp.o)
                0x100098c8                strncmp
 .text          0x1000993c       0xec /Users/alex/.pico-sdk/toolchain/14_2_Rel1/bin/../lib/gcc/arm-none-eabi/14.2.1/../../../../arm-none-eabi/lib/thumb/v8-m.main+fp/softfp/libg.a(libc_a-memcpy.o)
                0x1000993c                memcpy
 .text.strlen   0x10009a28       0x5c /Users/alex/.pico-sdk/toolchain/14_2_Rel1/bin/../lib/gcc/arm-none-eabi/14.2.1/../../../../arm-none-eabi/lib/thumb/v8-m.main+fp/softfp/libg.a(libc_a-strlen-stub.o)
                0x10009a28                strlen
 *(.fini)
 .fini          0x10009a84        0x4 /Users/alex/.pico-sdk/toolchain/14_2_Rel1/bin/../lib/gcc/arm-none-eabi/14.2.1/thumb/v8-m.main+fp/softfp/crti.o
                0x10009a84                _fini
 .fini.__stub   0x10009a88       0x78 linker stubs
 *crtbegin.o(.ctors)
 *crtbegin?.o(.ctors)
 *(EXCLUDE_FILE(*crtend.o *crtend?.o) .ctors)
 *(SORT_BY_NAME(.ctors.*))
 *(.ctors)
 *crtbegin.o(.dtors)
 *crtbegin?.o(.dtors)
 *(EXCLUDE_FILE(*crtend.o *crtend?.o) .dtors)
 *(SORT_BY_NAME(.dtors.*))
 *(.dtors)
                0x10009b00                        . = ALIGN (0x4)
                0x10009b00                        PROVIDE (__preinit_array_start = .)
 *(SORT_BY_NAME(.preinit_array.*))
 .preinit_array.00050
                0x10009b00        0x4 CMakeFiles/UART.dir/Users/alex/.pico-sdk/sdk/2.2.0/src/rp2_common/pico_runtime_init/runtime_init.c.o
                0x10009b00                __pre_init_runtime_init_bootrom_reset
 .preinit_array.00100
                0x10009b04        0x4 CMakeFiles/UART.dir/Users/alex/.pico-sdk/sdk/2.2.0/src/rp2_common/pico_runtime_init/runtime_init.c.o
                0x10009b04                __pre_init_runtime_init_early_resets
 .preinit_array.00101
                0x10009b08        0x4 CMakeFiles/UART.dir/Users/alex/.pico-sdk/sdk/2.2.0/src/rp2_common/pico_runtime_init/runtime_init.c.o
                0x10009b08                __pre_init_runtime_init_usb_power_down
 .preinit_array.00500
                0x10009b0c        0x4 CMakeFiles/UART.dir/Users/alex/.pico-sdk/sdk/2.2.0/src/rp2_common/pico_runtime_init/runtime_init.c.o
                0x10009b0c                __pre_init_runtime_init_clocks
 .preinit_array.00600
                0x10009b10        0x4 CMakeFiles/UART.dir/Users/alex/.pico-sdk/sdk/2.2.0/src/rp2_common/pico_runtime_init/runtime_init.c.o
                0x10009b10                __pre_init_runtime_init_post_clock_resets
 .preinit_array.01000
                0x10009b14        0x4 CMakeFiles/UART.dir/Users/alex/.pico-sdk/sdk/2.2.0/src/rp2_common/hardware_boot_lock/boot_lock.c.o
                0x10009b14                __pre_init_runtime_init_boot_locks_reset
 .preinit_array.01000
                0x10009b18        0x4 CMakeFiles/UART.dir/Users/alex/.pico-sdk/sdk/2.2.0/src/rp2_common/pico_runtime_init/runtime_init.c.o
                0x10009b18                __pre_init_runtime_init_spin_locks_reset
 .preinit_array.01010
                0x10009b1c        0x4 CMakeFiles/UART.dir/Users/alex/.pico-sdk/sdk/2.2.0/src/rp2_common/pico_bootrom/bootrom_lock.c.o
                0x10009b1c                __pre_init_runtime_init_bootrom_locking_enable
 .preinit_array.01100
                0x10009b20        0x4 CMakeFiles/UART.dir/Users/alex/.pico-sdk/sdk/2.2.0/src/common/pico_sync/mutex.c.o
                0x10009b20                __pre_init_runtime_init_mutex
 .preinit_array.10080
                0x10009b24        0x4 CMakeFiles/UART.dir/Users/alex/.pico-sdk/sdk/2.2.0/src/rp2_common/pico_runtime_init/runtime_init.c.o
                0x10009b24                __pre_init_runtime_init_install_ram_vector_table
 .preinit_array.11000
                0x10009b28        0x4 CMakeFiles/UART.dir/Users/alex/.pico-sdk/sdk/2.2.0/src/common/pico_time/time.c.o
                0x10009b28                __pre_init_runtime_init_default_alarm_pool
 .preinit_array.YYYYY
                0x10009b2c        0x4 CMakeFiles/UART.dir/Users/alex/.pico-sdk/sdk/2.2.0/src/rp2_common/pico_runtime/runtime.c.o
                0x10009b2c                __pre_init_first_per_core_initializer
 .preinit_array.ZZZZZ.00051
                0x10009b30        0x4 CMakeFiles/UART.dir/Users/alex/.pico-sdk/sdk/2.2.0/src/rp2_common/pico_runtime_init/runtime_init.c.o
                0x10009b30                __pre_init_runtime_init_per_core_bootrom_reset
 .preinit_array.ZZZZZ.00200
                0x10009b34        0x4 CMakeFiles/UART.dir/Users/alex/.pico-sdk/sdk/2.2.0/src/rp2_common/pico_runtime_init/runtime_init.c.o
                0x10009b34                __pre_init_runtime_init_per_core_enable_coprocessors
 .preinit_array.ZZZZZ.01000
                0x10009b38        0x4 CMakeFiles/UART.dir/Users/alex/.pico-sdk/sdk/2.2.0/src/rp2_common/hardware_sync_spin_lock/sync_spin_lock.c.o
                0x10009b38                __pre_init_spinlock_set_extexclall
 .preinit_array.ZZZZZ.01200
                0x10009b3c        0x4 CMakeFiles/UART.dir/Users/alex/.pico-sdk/sdk/2.2.0/src/rp2_common/hardware_irq/irq.c.o
                0x10009b3c                __pre_init_runtime_init_per_core_irq_priorities
 *(.preinit_array)
                0x10009b40                        PROVIDE (__preinit_array_end = .)
                0x10009b40                        . = ALIGN (0x4)
                0x10009b40                        PROVIDE (__init_array_start = .)
 *(SORT_BY_NAME(.init_array.*))
 .init_array.01000
                0x10009b40        0x4 CMakeFiles/UART.dir/Users/alex/.pico-sdk/sdk/2.2.0/src/rp2_common/pico_unique_id/unique_id.c.o
 *(.init_array)
 .init_array    0x10009b44        0x4 /Users/alex/.pico-sdk/toolchain/14_2_Rel1/bin/../lib/gcc/arm-none-eabi/14.2.1/thumb/v8-m.main+fp/softfp/crtbegin.o
                0x10009b48                        PROVIDE (__init_array_end = .)
                0x10009b48                        . = ALIGN (0x4)
                [!provide]                        PROVIDE (__fini_array_start = .)
 *(SORT_BY_NAME(.fini_array.*))
 *(.fini_array)
                [!provide]                        PROVIDE (__fini_array_end = .)
 *(.eh_frame*)
 .eh_frame      0x10009b48        0x0 /Users/alex/.pico-sdk/toolchain/14_2_Rel1/bin/../lib/gcc/arm-none-eabi/14.2.1/thumb/v8-m.main+fp/softfp/crtbegin.o
                0x10009b48                        . = ALIGN (0x4)

.glue_7         0x10009b48        0x0
 .glue_7        0x10009b48        0x0 linker stubs

.glue_7t        0x10009b48        0x0
 .glue_7t       0x10009b48        0x0 linker stubs

.vfp11_veneer   0x10009b48        0x0
 .vfp11_veneer  0x10009b48        0x0 linker stubs

.v4_bx          0x10009b48        0x0
 .v4_bx         0x10009b48        0x0 linker stubs

.iplt           0x10009b48        0x0
 .iplt          0x10009b48        0x0 /Users/alex/.pico-sdk/toolchain/14_2_Rel1/bin/../lib/gcc/arm-none-eabi/14.2.1/thumb/v8-m.main+fp/softfp/crtbegin.o

.boot2          0x10009b48        0x0
                0x10009b48                        __boot2_start__ = .
 *(.boot2)
                0x10009b48                        __boot2_end__ = .
                0x00000001                        ASSERT (((__boot2_end__ - __boot2_start__) <= 0x100), ERROR: Pico second stage bootloader must be no more than 256 bytes in size)

.rodata         0x10009b48    0x37cb8
 *(EXCLUDE_FILE(*libm.a: *libc.a:*lib_a-mem*.o *libgcc.a:) .rodata*)
 .rodata.main.str1.4
                0x10009b48      0x55c CMakeFiles/UART.dir/UART.cpp.o
                                 0x2b (size before relaxing)
 .rodata.panic.str1.4
                0x1000a0a4       0x12 CMakeFiles/UART.dir/Users/alex/.pico-sdk/sdk/2.2.0/src/rp2_common/pico_platform_panic/panic.c.o
 .rodata.spin_lock_claim_unused.str1.4
                0x1000a0a4       0x1b CMakeFiles/UART.dir/Users/alex/.pico-sdk/sdk/2.2.0/src/rp2_common/hardware_sync/sync.c.o
 .rodata.user_irq_claim_unused.str1.4
                0x1000a0a4       0x1b CMakeFiles/UART.dir/Users/alex/.pico-sdk/sdk/2.2.0/src/rp2_common/hardware_irq/irq.c.o
 *fill*         0x1000a0a4        0x4 
 .rodata.at_the_end_of_time
                0x1000a0a8        0x8 CMakeFiles/UART.dir/Users/alex/.pico-sdk/sdk/2.2.0/src/common/pico_time/time.c.o
                0x1000a0a8                at_the_end_of_time
 .rodata.timer_hardware_alarm_claim.str1.4
                0x1000a0b0       0x22 CMakeFiles/UART.dir/Users/alex/.pico-sdk/sdk/2.2.0/src/rp2_common/hardware_timer/timer.c.o
 .rodata.hard_assertion_failure.str1.4
                0x1000a0b0        0xc CMakeFiles/UART.dir/Users/alex/.pico-sdk/sdk/2.2.0/src/rp2_common/pico_runtime/runtime.c.o
 .rodata.str1.4
                0x1000a0b0       0x40 CMakeFiles/UART.dir/Users/alex/.pico-sdk/sdk/2.2.0/src/rp2_common/pico_standard_binary_info/standard_binary_info.c.o
 .rodata.__bi_84
                0x1000a0b0        0xc CMakeFiles/UART.dir/Users/alex/.pico-sdk/sdk/2.2.0/src/rp2_common/pico_standard_binary_info/standard_binary_info.c.o
 .rodata.__bi_78
                0x1000a0bc        0xc CMakeFiles/UART.dir/Users/alex/.pico-sdk/sdk/2.2.0/src/rp2_common/pico_standard_binary_info/standard_binary_info.c.o
 .rodata.__bi_60
                0x1000a0c8        0xc CMakeFiles/UART.dir/Users/alex/.pico-sdk/sdk/2.2.0/src/rp2_common/pico_standard_binary_info/standard_binary_info.c.o
 .rodata.__bi_54
                0x1000a0d4        0xc CMakeFiles/UART.dir/Users/alex/.pico-sdk/sdk/2.2.0/src/rp2_common/pico_standard_binary_info/standard_binary_info.c.o
 .rodata.__bi_48
                0x1000a0e0        0xc CMakeFiles/UART.dir/Users/alex/.pico-sdk/sdk/2.2.0/src/rp2_common/pico_standard_binary_info/standard_binary_info.c.o
 .rodata.__bi_42
                0x1000a0ec        0xc CMakeFiles/UART.dir/Users/alex/.pico-sdk/sdk/2.2.0/src/rp2_common/pico_standard_binary_info/standard_binary_info.c.o
 .rodata.__bi_34
                0x1000a0f8        0xc CMakeFiles/UART.dir/Users/alex/.pico-sdk/sdk/2.2.0/src/rp2_common/pico_standard_binary_info/standard_binary_info.c.o
 .rodata.__bi_26
                0x1000a104        0xc CMakeFiles/UART.dir/Users/alex/.pico-sdk/sdk/2.2.0/src/rp2_common/pico_standard_binary_info/standard_binary_info.c.o
 .rodata._ftoa.str1.4
                0x1000a110       0x15 CMakeFiles/UART.dir/Users/alex/.pico-sdk/sdk/2.2.0/src/rp2_common/pico_printf/printf.c.o
 .rodata.pow10.0
                0x1000a110       0x50 CMakeFiles/UART.dir/Users/alex/.pico-sdk/sdk/2.2.0/src/rp2_common/pico_printf/printf.c.o
 .rodata.crlf_str.0
                0x1000a160        0x2 CMakeFiles/UART.dir/Users/alex/.pico-sdk/sdk/2.2.0/src/rp2_common/pico_stdio/stdio.c.o
 *fill*         0x1000a162        0x2 
 .rodata._resetd_driver
                0x1000a164       0x20 CMakeFiles/UART.dir/Users/alex/.pico-sdk/sdk/2.2.0/src/rp2_common/pico_stdio_usb/reset_interface.c.o
 .rodata.desc_ms_os_20
                0x1000a184       0xa6 CMakeFiles/UART.dir/Users/alex/.pico-sdk/sdk/2.2.0/src/rp2_common/pico_stdio_usb/reset_interface.c.o
 *fill*         0x1000a22a        0x2 
 .rodata.desc_bos
                0x1000a22c       0x21 CMakeFiles/UART.dir/Users/alex/.pico-sdk/sdk/2.2.0/src/rp2_common/pico_stdio_usb/reset_interface.c.o
                0x1000a22c                desc_bos
 .rodata.str1.4
                0x1000a24d       0x13 CMakeFiles/UART.dir/Users/alex/.pico-sdk/sdk/2.2.0/src/rp2_common/pico_stdio_usb/stdio_usb.c.o
 *fill*         0x1000a24d        0x3 
 .rodata.__bi_202.0
                0x1000a250        0xc CMakeFiles/UART.dir/Users/alex/.pico-sdk/sdk/2.2.0/src/rp2_common/pico_stdio_usb/stdio_usb.c.o
 .rodata.str1.4
                0x1000a25c       0x2a CMakeFiles/UART.dir/Users/alex/.pico-sdk/sdk/2.2.0/src/rp2_common/pico_stdio_usb/stdio_usb_descriptors.c.o
 .rodata.usbd_desc_str
                0x1000a25c       0x18 CMakeFiles/UART.dir/Users/alex/.pico-sdk/sdk/2.2.0/src/rp2_common/pico_stdio_usb/stdio_usb_descriptors.c.o
 .rodata.usbd_desc_cfg
                0x1000a274       0x54 CMakeFiles/UART.dir/Users/alex/.pico-sdk/sdk/2.2.0/src/rp2_common/pico_stdio_usb/stdio_usb_descriptors.c.o
 .rodata.usbd_desc_device
                0x1000a2c8       0x12 CMakeFiles/UART.dir/Users/alex/.pico-sdk/sdk/2.2.0/src/rp2_common/pico_stdio_usb/stdio_usb_descriptors.c.o
 .rodata.str1.4
                0x1000a2da       0x14 CMakeFiles/UART.dir/Users/alex/.pico-sdk/sdk/2.2.0/lib/tinyusb/src/portable/raspberrypi/rp2040/dcd_rp2040.c.o
 .rodata.str1.4
                0x1000a2da       0x48 CMakeFiles/UART.dir/Users/alex/.pico-sdk/sdk/2.2.0/lib/tinyusb/src/portable/raspberrypi/rp2040/rp2040_usb.c.o
 *fill*         0x1000a2da        0x2 
 .rodata._usbd_driver
                0x1000a2dc       0x40 CMakeFiles/UART.dir/Users/alex/.pico-sdk/sdk/2.2.0/lib/tinyusb/src/device/usbd.c.o
 .rodata.cyw43_read_bytes.str1.4
                0x1000a31c       0x1a CMakeFiles/UART.dir/Users/alex/.pico-sdk/sdk/2.2.0/src/rp2_common/pico_cyw43_driver/cyw43_bus_pio_spi.c.o
 .rodata.cyw43_write_bytes.str1.4
                0x1000a31c        0xd CMakeFiles/UART.dir/Users/alex/.pico-sdk/sdk/2.2.0/src/rp2_common/pico_cyw43_driver/cyw43_bus_pio_spi.c.o
 .rodata.spi_gap01_sample0_program
                0x1000a31c        0x8 CMakeFiles/UART.dir/Users/alex/.pico-sdk/sdk/2.2.0/src/rp2_common/pico_cyw43_driver/cyw43_bus_pio_spi.c.o
 .rodata.spi_gap01_sample0_program_instructions
                0x1000a324        0xc CMakeFiles/UART.dir/Users/alex/.pico-sdk/sdk/2.2.0/src/rp2_common/pico_cyw43_driver/cyw43_bus_pio_spi.c.o
 .rodata.cyw43_kso_set.str1.4
                0x1000a330       0x23 CMakeFiles/UART.dir/Users/alex/.pico-sdk/sdk/2.2.0/lib/cyw43-driver/src/cyw43_ll.c.o
 .rodata.cyw43_ll_sdpcm_poll_device.str1.4
                0x1000a330       0x55 CMakeFiles/UART.dir/Users/alex/.pico-sdk/sdk/2.2.0/lib/cyw43-driver/src/cyw43_ll.c.o
 .rodata.cyw43_sdpcm_send_common.str1.4
                0x1000a330       0x22 CMakeFiles/UART.dir/Users/alex/.pico-sdk/sdk/2.2.0/lib/cyw43-driver/src/cyw43_ll.c.o
 .rodata.cyw43_do_ioctl.part.0.str1.4
                0x1000a330       0x53 CMakeFiles/UART.dir/Users/alex/.pico-sdk/sdk/2.2.0/lib/cyw43-driver/src/cyw43_ll.c.o
 .rodata.reset_device_core.constprop.0.str1.4
                0x1000a330       0x1a CMakeFiles/UART.dir/Users/alex/.pico-sdk/sdk/2.2.0/lib/cyw43-driver/src/cyw43_ll.c.o
 .rodata.cyw43_ll_wifi_on.str1.4
                0x1000a330       0x52 CMakeFiles/UART.dir/Users/alex/.pico-sdk/sdk/2.2.0/lib/cyw43-driver/src/cyw43_ll.c.o
 .rodata.cyw43_ll_bus_init.str1.4
                0x1000a330       0xea CMakeFiles/UART.dir/Users/alex/.pico-sdk/sdk/2.2.0/lib/cyw43-driver/src/cyw43_ll.c.o
 .rodata.cyw43_ll_gpio_set.str1.4
                0x1000a330        0x8 CMakeFiles/UART.dir/Users/alex/.pico-sdk/sdk/2.2.0/lib/cyw43-driver/src/cyw43_ll.c.o
 .rodata.w43439A0_7_95_49_00_combined
                0x1000a330    0x36fd8 CMakeFiles/UART.dir/Users/alex/.pico-sdk/sdk/2.2.0/lib/cyw43-driver/src/cyw43_ll.c.o
 .rodata.wifi_nvram_4343
                0x10041308      0x2e7 CMakeFiles/UART.dir/Users/alex/.pico-sdk/sdk/2.2.0/lib/cyw43-driver/src/cyw43_ll.c.o
 *fill*         0x100415ef        0x1 
 .rodata        0x100415f0       0x72 CMakeFiles/UART.dir/Users/alex/.pico-sdk/sdk/2.2.0/lib/cyw43-driver/src/cyw43_ll.c.o
 .rodata.cyw43_cb_process_async_event.str1.4
                0x10041662       0x28 CMakeFiles/UART.dir/Users/alex/.pico-sdk/sdk/2.2.0/lib/cyw43-driver/src/cyw43_ctrl.c.o
 .rodata.str1.4
                0x10041662       0x9e CMakeFiles/UART.dir/Users/alex/.pico-sdk/sdk/2.2.0/lib/cyw43-driver/src/cyw43_ctrl.c.o
 *fill*         0x10041662        0x2 
 .rodata.cyw43_async_event_name_table
                0x10041664      0x164 CMakeFiles/UART.dir/Users/alex/.pico-sdk/sdk/2.2.0/lib/cyw43-driver/src/cyw43_ctrl.c.o
 .rodata.pio_claim_unused_sm.str1.4
                0x100417c8       0x24 CMakeFiles/UART.dir/Users/alex/.pico-sdk/sdk/2.2.0/src/rp2_common/hardware_pio/pio.c.o
 .rodata.dma_claim_unused_channel.str1.4
                0x100417c8       0x1e CMakeFiles/UART.dir/Users/alex/.pico-sdk/sdk/2.2.0/src/rp2_common/hardware_dma/dma.c.o
 .rodata.cyw43_cb_tcpip_set_link_up.str1.4
                0x100417c8       0x20 CMakeFiles/UART.dir/Users/alex/.pico-sdk/sdk/2.2.0/src/rp2_common/pico_cyw43_driver/cyw43_driver.c.o
 .rodata.async_context_threadsafe_background_lock_check.str1.4
                0x100417c8       0x20 CMakeFiles/UART.dir/Users/alex/.pico-sdk/sdk/2.2.0/src/rp2_common/pico_async_context/async_context_threadsafe_background.c.o
 .rodata.template
                0x100417c8       0x38 CMakeFiles/UART.dir/Users/alex/.pico-sdk/sdk/2.2.0/src/rp2_common/pico_async_context/async_context_threadsafe_background.c.o
 *(.srodata*)
                0x10041800                        . = ALIGN (0x4)
 *(SORT_BY_ALIGNMENT(SORT_BY_NAME(.flashdata*)))
                0x10041800                        . = ALIGN (0x4)

.ARM.extab
 *(.ARM.extab* .gnu.linkonce.armextab.*)
                0x10041800                        __exidx_start = .

.ARM.exidx      0x10041800        0x8
 *(.ARM.exidx* .gnu.linkonce.armexidx.*)
 .ARM.exidx     0x10041800        0x8 /Users/alex/.pico-sdk/toolchain/14_2_Rel1/bin/../lib/gcc/arm-none-eabi/14.2.1/../../../../arm-none-eabi/lib/thumb/v8-m.main+fp/softfp/libg.a(libc_a-memcpy.o)
 .ARM.exidx.text.__udivmoddi4
                0x10041808        0x0 /Users/alex/.pico-sdk/toolchain/14_2_Rel1/bin/../lib/gcc/arm-none-eabi/14.2.1/thumb/v8-m.main+fp/softfp/libgcc.a(_udivmoddi4.o)
                                  0x8 (size before relaxing)
                0x10041808                        __exidx_end = .
                0x10041808                        . = ALIGN (0x4)
                0x10041808                        __binary_info_start = .

.binary_info    0x10041808       0x24
 *(.binary_info.keep.*)
 .binary_info.keep.__bi_ptr84
                0x10041808        0x4 CMakeFiles/UART.dir/Users/alex/.pico-sdk/sdk/2.2.0/src/rp2_common/pico_standard_binary_info/standard_binary_info.c.o
 .binary_info.keep.__bi_ptr78
                0x1004180c        0x4 CMakeFiles/UART.dir/Users/alex/.pico-sdk/sdk/2.2.0/src/rp2_common/pico_standard_binary_info/standard_binary_info.c.o
 .binary_info.keep.__bi_ptr60
                0x10041810        0x4 CMakeFiles/UART.dir/Users/alex/.pico-sdk/sdk/2.2.0/src/rp2_common/pico_standard_binary_info/standard_binary_info.c.o
 .binary_info.keep.__bi_ptr54
                0x10041814        0x4 CMakeFiles/UART.dir/Users/alex/.pico-sdk/sdk/2.2.0/src/rp2_common/pico_standard_binary_info/standard_binary_info.c.o
 .binary_info.keep.__bi_ptr48
                0x10041818        0x4 CMakeFiles/UART.dir/Users/alex/.pico-sdk/sdk/2.2.0/src/rp2_common/pico_standard_binary_info/standard_binary_info.c.o
 .binary_info.keep.__bi_ptr42
                0x1004181c        0x4 CMakeFiles/UART.dir/Users/alex/.pico-sdk/sdk/2.2.0/src/rp2_common/pico_standard_binary_info/standard_binary_info.c.o
 .binary_info.keep.__bi_ptr34
                0x10041820        0x4 CMakeFiles/UART.dir/Users/alex/.pico-sdk/sdk/2.2.0/src/rp2_common/pico_standard_binary_info/standard_binary_info.c.o
 .binary_info.keep.__bi_ptr26
                0x10041824        0x4 CMakeFiles/UART.dir/Users/alex/.pico-sdk/sdk/2.2.0/src/rp2_common/pico_standard_binary_info/standard_binary_info.c.o
 *(.binary_info.*)
 .binary_info.__bi_ptr202
                0x10041828        0x4 CMakeFiles/UART.dir/Users/alex/.pico-sdk/sdk/2.2.0/src/rp2_common/pico_stdio_usb/stdio_usb.c.o
                0x1004182c                        __binary_info_end = .
                0x1004182c                        . = ALIGN (0x4)

.ram_vector_table
                0x20000000      0x110
 *(.ram_vector_table)
 .ram_vector_table
                0x20000000      0x110 CMakeFiles/UART.dir/Users/alex/.pico-sdk/sdk/2.2.0/src/rp2_common/pico_runtime_init/runtime_init.c.o
                0x20000000                ram_vector_table

.uninitialized_data
                0x20000110        0x0
                0x20000110                        . = ALIGN (0x4)
 *(.uninitialized_data*)

.data           0x20000110     0x1330 load address 0x1004182c
                0x20000110                        __data_start__ = .
 *(vtable)
 *(.time_critical*)
 .time_critical.sem_acquire_block_until
                0x20000110       0x64 CMakeFiles/UART.dir/Users/alex/.pico-sdk/sdk/2.2.0/src/common/pico_sync/sem.c.o
                0x20000110                sem_acquire_block_until
 .time_critical.sem_release
                0x20000174       0x54 CMakeFiles/UART.dir/Users/alex/.pico-sdk/sdk/2.2.0/src/common/pico_sync/sem.c.o
                0x20000174                sem_release
 .time_critical.recursive_mutex_enter_blocking
                0x200001c8       0x8c CMakeFiles/UART.dir/Users/alex/.pico-sdk/sdk/2.2.0/src/common/pico_sync/mutex.c.o
                0x200001c8                recursive_mutex_enter_blocking
 .time_critical.mutex_try_enter
                0x20000254       0x50 CMakeFiles/UART.dir/Users/alex/.pico-sdk/sdk/2.2.0/src/common/pico_sync/mutex.c.o
                0x20000254                mutex_try_enter
 .time_critical.recursive_mutex_try_enter
                0x200002a4       0x58 CMakeFiles/UART.dir/Users/alex/.pico-sdk/sdk/2.2.0/src/common/pico_sync/mutex.c.o
                0x200002a4                recursive_mutex_try_enter
 .time_critical.mutex_enter_block_until
                0x200002fc       0x6c CMakeFiles/UART.dir/Users/alex/.pico-sdk/sdk/2.2.0/src/common/pico_sync/mutex.c.o
                0x200002fc                mutex_enter_block_until
 .time_critical.mutex_try_enter_block_until
                0x20000368       0x68 CMakeFiles/UART.dir/Users/alex/.pico-sdk/sdk/2.2.0/src/common/pico_sync/mutex.c.o
                0x20000368                mutex_try_enter_block_until
 .time_critical.mutex_enter_timeout_ms
                0x200003d0       0x38 CMakeFiles/UART.dir/Users/alex/.pico-sdk/sdk/2.2.0/src/common/pico_sync/mutex.c.o
                0x200003d0                mutex_enter_timeout_ms
 .time_critical.mutex_exit
                0x20000408       0x3c CMakeFiles/UART.dir/Users/alex/.pico-sdk/sdk/2.2.0/src/common/pico_sync/mutex.c.o
                0x20000408                mutex_exit
 .time_critical.recursive_mutex_exit
                0x20000444       0x50 CMakeFiles/UART.dir/Users/alex/.pico-sdk/sdk/2.2.0/src/common/pico_sync/mutex.c.o
                0x20000444                recursive_mutex_exit
 .time_critical.reset_non_control_endpoints
                0x20000494       0x64 CMakeFiles/UART.dir/Users/alex/.pico-sdk/sdk/2.2.0/lib/tinyusb/src/portable/raspberrypi/rp2040/dcd_rp2040.c.o
 .time_critical.hw_handle_buff_status
                0x200004f8       0x90 CMakeFiles/UART.dir/Users/alex/.pico-sdk/sdk/2.2.0/lib/tinyusb/src/portable/raspberrypi/rp2040/dcd_rp2040.c.o
 .time_critical.dcd_rp2040_irq